
*** Running vivado
    with args -log axis_wrapper.vds -m64 -product Vivado -mode batch -messageDb vivado.pb -notrace -source axis_wrapper.tcl


****** Vivado v2023.2 (64-bit)
  **** SW Build 4029153 on Fri Oct 13 20:13:54 MDT 2023
  **** IP Build 4028589 on Sat Oct 14 00:45:43 MDT 2023
  **** SharedData Build 4025554 on Tue Oct 10 17:18:54 MDT 2023
    ** Copyright 1986-2022 Xilinx, Inc. All Rights Reserved.
    ** Copyright 2022-2023 Advanced Micro Devices, Inc. All Rights Reserved.

source axis_wrapper.tcl -notrace
create_project: Time (s): cpu = 00:00:09 ; elapsed = 00:00:09 . Memory (MB): peak = 1363.125 ; gain = 44.836 ; free physical = 15481 ; free virtual = 50562
INFO: [IP_Flow 19-234] Refreshing IP repositories
INFO: [IP_Flow 19-1700] Loaded user IP repository '/home/sk/Desktop/EcoAttention/EXPip'.
INFO: [IP_Flow 19-2313] Loaded Vivado IP repository '/tools/Xilinx/Vivado/2023.2/data/ip'.
Command: read_checkpoint -auto_incremental -incremental /home/sk/Desktop/EcoAttention/EcoAttention/EcoAttention.srcs/utils_1/imports/synth_1/top.dcp
INFO: [Vivado 12-5825] Read reference checkpoint from /home/sk/Desktop/EcoAttention/EcoAttention/EcoAttention.srcs/utils_1/imports/synth_1/top.dcp for incremental synthesis
INFO: [Vivado 12-7989] Please ensure there are no constraint changes
Command: synth_design -top axis_wrapper -part xczu7ev-ffvc1156-2-e
Starting synth_design
Attempting to get a license for feature 'Synthesis' and/or device 'xczu7ev'
INFO: [Common 17-349] Got license for feature 'Synthesis' and/or device 'xczu7ev'
INFO: [Device 21-403] Loading part xczu7ev-ffvc1156-2-e
INFO: [Designutils 20-5440] No compile time benefit to using incremental synthesis; A full resynthesis will be run
INFO: [Designutils 20-4379] Flow is switching to default flow due to incremental criteria not met. If you would like to alter this behaviour and have the flow terminate instead, please set the following parameter config_implementation {autoIncr.Synth.RejectBehavior Terminate}
INFO: [Synth 8-7079] Multithreading enabled for synth_design using a maximum of 4 processes.
INFO: [Synth 8-7078] Launching helper process for spawning children vivado processes
INFO: [Synth 8-7075] Helper process launched with PID 1098365
---------------------------------------------------------------------------------
Starting RTL Elaboration : Time (s): cpu = 00:00:04 ; elapsed = 00:00:04 . Memory (MB): peak = 2760.582 ; gain = 291.777 ; free physical = 13750 ; free virtual = 48831
---------------------------------------------------------------------------------
INFO: [Synth 8-11241] undeclared symbol 'Vweb', assumed default net type 'wire' [/home/sk/Desktop/EcoAttention/EcoAttention/EcoAttention.srcs/sources_1/new/top.sv:171]
INFO: [Synth 8-11241] undeclared symbol 'Oaddr', assumed default net type 'wire' [/home/sk/Desktop/EcoAttention/EcoAttention/EcoAttention.srcs/sources_1/new/top.sv:193]
INFO: [Synth 8-6157] synthesizing module 'axis_wrapper' [/home/sk/Desktop/EcoAttention/EcoAttention/EcoAttention.srcs/sources_1/new/axi_wrapper.sv:3]
INFO: [Synth 8-6157] synthesizing module 'top' [/home/sk/Desktop/EcoAttention/EcoAttention/EcoAttention.srcs/sources_1/new/top.sv:3]
	Parameter DATA_WIDTH bound to: 32 - type: integer 
	Parameter Bc bound to: 4 - type: integer 
	Parameter Br bound to: 4 - type: integer 
	Parameter D bound to: 16 - type: integer 
INFO: [Synth 8-6157] synthesizing module 'ADDER' [/home/sk/Desktop/EcoAttention/EcoAttention/EcoAttention.runs/synth_1/.Xil/Vivado-1097841-sk-Standard-PC-Q35-ICH9-2009/realtime/ADDER_stub.v:6]
INFO: [Synth 8-6155] done synthesizing module 'ADDER' (0#1) [/home/sk/Desktop/EcoAttention/EcoAttention/EcoAttention.runs/synth_1/.Xil/Vivado-1097841-sk-Standard-PC-Q35-ICH9-2009/realtime/ADDER_stub.v:6]
INFO: [Synth 8-6157] synthesizing module 'EXP' [/home/sk/Desktop/EcoAttention/EcoAttention/EcoAttention.runs/synth_1/.Xil/Vivado-1097841-sk-Standard-PC-Q35-ICH9-2009/realtime/EXP_stub.v:6]
INFO: [Synth 8-6155] done synthesizing module 'EXP' (0#1) [/home/sk/Desktop/EcoAttention/EcoAttention/EcoAttention.runs/synth_1/.Xil/Vivado-1097841-sk-Standard-PC-Q35-ICH9-2009/realtime/EXP_stub.v:6]
INFO: [Synth 8-6157] synthesizing module 'GREATERthan' [/home/sk/Desktop/EcoAttention/EcoAttention/EcoAttention.runs/synth_1/.Xil/Vivado-1097841-sk-Standard-PC-Q35-ICH9-2009/realtime/GREATERthan_stub.v:6]
INFO: [Synth 8-6155] done synthesizing module 'GREATERthan' (0#1) [/home/sk/Desktop/EcoAttention/EcoAttention/EcoAttention.runs/synth_1/.Xil/Vivado-1097841-sk-Standard-PC-Q35-ICH9-2009/realtime/GREATERthan_stub.v:6]
WARNING: [Synth 8-689] width (1) of port connection 'm_axis_result_tdata' does not match port width (8) of module 'GREATERthan' [/home/sk/Desktop/EcoAttention/EcoAttention/EcoAttention.srcs/sources_1/new/top.sv:116]
WARNING: [Synth 8-689] width (1) of port connection 'm_axis_result_tdata' does not match port width (8) of module 'GREATERthan' [/home/sk/Desktop/EcoAttention/EcoAttention/EcoAttention.srcs/sources_1/new/top.sv:116]
WARNING: [Synth 8-689] width (1) of port connection 'm_axis_result_tdata' does not match port width (8) of module 'GREATERthan' [/home/sk/Desktop/EcoAttention/EcoAttention/EcoAttention.srcs/sources_1/new/top.sv:116]
WARNING: [Synth 8-689] width (1) of port connection 'm_axis_result_tdata' does not match port width (8) of module 'GREATERthan' [/home/sk/Desktop/EcoAttention/EcoAttention/EcoAttention.srcs/sources_1/new/top.sv:116]
WARNING: [Synth 8-689] width (1) of port connection 'm_axis_result_tdata' does not match port width (8) of module 'GREATERthan' [/home/sk/Desktop/EcoAttention/EcoAttention/EcoAttention.srcs/sources_1/new/top.sv:116]
WARNING: [Synth 8-689] width (1) of port connection 'm_axis_result_tdata' does not match port width (8) of module 'GREATERthan' [/home/sk/Desktop/EcoAttention/EcoAttention/EcoAttention.srcs/sources_1/new/top.sv:116]
WARNING: [Synth 8-689] width (1) of port connection 'm_axis_result_tdata' does not match port width (8) of module 'GREATERthan' [/home/sk/Desktop/EcoAttention/EcoAttention/EcoAttention.srcs/sources_1/new/top.sv:116]
WARNING: [Synth 8-689] width (1) of port connection 'm_axis_result_tdata' does not match port width (8) of module 'GREATERthan' [/home/sk/Desktop/EcoAttention/EcoAttention/EcoAttention.srcs/sources_1/new/top.sv:116]
INFO: [Synth 8-6157] synthesizing module 'MUL' [/home/sk/Desktop/EcoAttention/EcoAttention/EcoAttention.runs/synth_1/.Xil/Vivado-1097841-sk-Standard-PC-Q35-ICH9-2009/realtime/MUL_stub.v:6]
INFO: [Synth 8-6155] done synthesizing module 'MUL' (0#1) [/home/sk/Desktop/EcoAttention/EcoAttention/EcoAttention.runs/synth_1/.Xil/Vivado-1097841-sk-Standard-PC-Q35-ICH9-2009/realtime/MUL_stub.v:6]
INFO: [Synth 8-6157] synthesizing module 'Q' [/home/sk/Desktop/EcoAttention/EcoAttention/EcoAttention.runs/synth_1/.Xil/Vivado-1097841-sk-Standard-PC-Q35-ICH9-2009/realtime/Q_stub.v:6]
INFO: [Synth 8-6155] done synthesizing module 'Q' (0#1) [/home/sk/Desktop/EcoAttention/EcoAttention/EcoAttention.runs/synth_1/.Xil/Vivado-1097841-sk-Standard-PC-Q35-ICH9-2009/realtime/Q_stub.v:6]
INFO: [Synth 8-6157] synthesizing module 'K' [/home/sk/Desktop/EcoAttention/EcoAttention/EcoAttention.runs/synth_1/.Xil/Vivado-1097841-sk-Standard-PC-Q35-ICH9-2009/realtime/K_stub.v:6]
INFO: [Synth 8-6155] done synthesizing module 'K' (0#1) [/home/sk/Desktop/EcoAttention/EcoAttention/EcoAttention.runs/synth_1/.Xil/Vivado-1097841-sk-Standard-PC-Q35-ICH9-2009/realtime/K_stub.v:6]
INFO: [Synth 8-6157] synthesizing module 'V' [/home/sk/Desktop/EcoAttention/EcoAttention/EcoAttention.runs/synth_1/.Xil/Vivado-1097841-sk-Standard-PC-Q35-ICH9-2009/realtime/V_stub.v:6]
INFO: [Synth 8-6155] done synthesizing module 'V' (0#1) [/home/sk/Desktop/EcoAttention/EcoAttention/EcoAttention.runs/synth_1/.Xil/Vivado-1097841-sk-Standard-PC-Q35-ICH9-2009/realtime/V_stub.v:6]
INFO: [Synth 8-6157] synthesizing module 'CACHE' [/home/sk/Desktop/EcoAttention/EcoAttention/EcoAttention.runs/synth_1/.Xil/Vivado-1097841-sk-Standard-PC-Q35-ICH9-2009/realtime/CACHE_stub.v:6]
INFO: [Synth 8-6155] done synthesizing module 'CACHE' (0#1) [/home/sk/Desktop/EcoAttention/EcoAttention/EcoAttention.runs/synth_1/.Xil/Vivado-1097841-sk-Standard-PC-Q35-ICH9-2009/realtime/CACHE_stub.v:6]
INFO: [Synth 8-6157] synthesizing module 'O' [/home/sk/Desktop/EcoAttention/EcoAttention/EcoAttention.runs/synth_1/.Xil/Vivado-1097841-sk-Standard-PC-Q35-ICH9-2009/realtime/O_stub.v:6]
INFO: [Synth 8-6155] done synthesizing module 'O' (0#1) [/home/sk/Desktop/EcoAttention/EcoAttention/EcoAttention.runs/synth_1/.Xil/Vivado-1097841-sk-Standard-PC-Q35-ICH9-2009/realtime/O_stub.v:6]
WARNING: [Synth 8-689] width (512) of port connection 'dina' does not match port width (32) of module 'O' [/home/sk/Desktop/EcoAttention/EcoAttention/EcoAttention.srcs/sources_1/new/top.sv:194]
WARNING: [Synth 8-689] width (512) of port connection 'douta' does not match port width (32) of module 'O' [/home/sk/Desktop/EcoAttention/EcoAttention/EcoAttention.srcs/sources_1/new/top.sv:195]
WARNING: [Synth 8-6090] variable 'mulVal' is written by both blocking and non-blocking assignments, entire logic could be removed [/home/sk/Desktop/EcoAttention/EcoAttention/EcoAttention.srcs/sources_1/new/top.sv:581]
WARNING: [Synth 8-6090] variable 'mulVal' is written by both blocking and non-blocking assignments, entire logic could be removed [/home/sk/Desktop/EcoAttention/EcoAttention/EcoAttention.srcs/sources_1/new/top.sv:586]
INFO: [Synth 8-6155] done synthesizing module 'top' (0#1) [/home/sk/Desktop/EcoAttention/EcoAttention/EcoAttention.srcs/sources_1/new/top.sv:3]
INFO: [Synth 8-6155] done synthesizing module 'axis_wrapper' (0#1) [/home/sk/Desktop/EcoAttention/EcoAttention/EcoAttention.srcs/sources_1/new/axi_wrapper.sv:3]
WARNING: [Synth 8-6014] Unused sequential element SsumAddr_reg was removed.  [/home/sk/Desktop/EcoAttention/EcoAttention/EcoAttention.srcs/sources_1/new/top.sv:225]
WARNING: [Synth 8-6014] Unused sequential element Caddrb_reg was removed.  [/home/sk/Desktop/EcoAttention/EcoAttention/EcoAttention.srcs/sources_1/new/top.sv:227]
WARNING: [Synth 8-6014] Unused sequential element L_reg was removed. 
WARNING: [Synth 8-87] always_comb on 'Qdina_reg' did not result in combinational logic [/home/sk/Desktop/EcoAttention/EcoAttention/EcoAttention.srcs/sources_1/new/top.sv:143]
WARNING: [Synth 8-87] always_comb on 'Kdina_reg' did not result in combinational logic [/home/sk/Desktop/EcoAttention/EcoAttention/EcoAttention.srcs/sources_1/new/top.sv:155]
WARNING: [Synth 8-87] always_comb on 'Vdina_reg' did not result in combinational logic [/home/sk/Desktop/EcoAttention/EcoAttention/EcoAttention.srcs/sources_1/new/top.sv:167]
WARNING: [Synth 8-87] always_comb on 'O_wea_reg' did not result in combinational logic [/home/sk/Desktop/EcoAttention/EcoAttention/EcoAttention.srcs/sources_1/new/top.sv:180]
WARNING: [Synth 8-3848] Net Vweb in module/entity top does not have driver. [/home/sk/Desktop/EcoAttention/EcoAttention/EcoAttention.srcs/sources_1/new/top.sv:171]
WARNING: [Synth 8-3848] Net Oaddr in module/entity top does not have driver. [/home/sk/Desktop/EcoAttention/EcoAttention/EcoAttention.srcs/sources_1/new/top.sv:193]
WARNING: [Synth 8-3848] Net Vdinb in module/entity top does not have driver. [/home/sk/Desktop/EcoAttention/EcoAttention/EcoAttention.srcs/sources_1/new/top.sv:32]
WARNING: [Synth 8-3848] Net addVal[12] in module/entity top does not have driver. [/home/sk/Desktop/EcoAttention/EcoAttention/EcoAttention.srcs/sources_1/new/top.sv:34]
WARNING: [Synth 8-3848] Net addVal[13] in module/entity top does not have driver. [/home/sk/Desktop/EcoAttention/EcoAttention/EcoAttention.srcs/sources_1/new/top.sv:34]
WARNING: [Synth 8-3848] Net addVal[14] in module/entity top does not have driver. [/home/sk/Desktop/EcoAttention/EcoAttention/EcoAttention.srcs/sources_1/new/top.sv:34]
WARNING: [Synth 8-3848] Net addVal[15] in module/entity top does not have driver. [/home/sk/Desktop/EcoAttention/EcoAttention/EcoAttention.srcs/sources_1/new/top.sv:34]
WARNING: [Synth 8-3848] Net addVal[16] in module/entity top does not have driver. [/home/sk/Desktop/EcoAttention/EcoAttention/EcoAttention.srcs/sources_1/new/top.sv:34]
WARNING: [Synth 8-3848] Net addVal[17] in module/entity top does not have driver. [/home/sk/Desktop/EcoAttention/EcoAttention/EcoAttention.srcs/sources_1/new/top.sv:34]
WARNING: [Synth 8-3848] Net addVal[18] in module/entity top does not have driver. [/home/sk/Desktop/EcoAttention/EcoAttention/EcoAttention.srcs/sources_1/new/top.sv:34]
WARNING: [Synth 8-3848] Net addVal[19] in module/entity top does not have driver. [/home/sk/Desktop/EcoAttention/EcoAttention/EcoAttention.srcs/sources_1/new/top.sv:34]
WARNING: [Synth 8-3848] Net addVal[20] in module/entity top does not have driver. [/home/sk/Desktop/EcoAttention/EcoAttention/EcoAttention.srcs/sources_1/new/top.sv:34]
WARNING: [Synth 8-3848] Net addVal[21] in module/entity top does not have driver. [/home/sk/Desktop/EcoAttention/EcoAttention/EcoAttention.srcs/sources_1/new/top.sv:34]
WARNING: [Synth 8-3848] Net addVal[22] in module/entity top does not have driver. [/home/sk/Desktop/EcoAttention/EcoAttention/EcoAttention.srcs/sources_1/new/top.sv:34]
WARNING: [Synth 8-3848] Net addVal[23] in module/entity top does not have driver. [/home/sk/Desktop/EcoAttention/EcoAttention/EcoAttention.srcs/sources_1/new/top.sv:34]
WARNING: [Synth 8-3848] Net Owe in module/entity top does not have driver. [/home/sk/Desktop/EcoAttention/EcoAttention/EcoAttention.srcs/sources_1/new/top.sv:34]
WARNING: [Synth 8-3848] Net great[1] in module/entity top does not have driver. [/home/sk/Desktop/EcoAttention/EcoAttention/EcoAttention.srcs/sources_1/new/top.sv:35]
WARNING: [Synth 8-3848] Net great[2] in module/entity top does not have driver. [/home/sk/Desktop/EcoAttention/EcoAttention/EcoAttention.srcs/sources_1/new/top.sv:35]
WARNING: [Synth 8-3848] Net great[3] in module/entity top does not have driver. [/home/sk/Desktop/EcoAttention/EcoAttention/EcoAttention.srcs/sources_1/new/top.sv:35]
WARNING: [Synth 8-3848] Net great[4] in module/entity top does not have driver. [/home/sk/Desktop/EcoAttention/EcoAttention/EcoAttention.srcs/sources_1/new/top.sv:35]
WARNING: [Synth 8-3848] Net great[5] in module/entity top does not have driver. [/home/sk/Desktop/EcoAttention/EcoAttention/EcoAttention.srcs/sources_1/new/top.sv:35]
WARNING: [Synth 8-3848] Net great[6] in module/entity top does not have driver. [/home/sk/Desktop/EcoAttention/EcoAttention/EcoAttention.srcs/sources_1/new/top.sv:35]
WARNING: [Synth 8-3848] Net great[7] in module/entity top does not have driver. [/home/sk/Desktop/EcoAttention/EcoAttention/EcoAttention.srcs/sources_1/new/top.sv:35]
WARNING: [Synth 8-3848] Net less[1] in module/entity top does not have driver. [/home/sk/Desktop/EcoAttention/EcoAttention/EcoAttention.srcs/sources_1/new/top.sv:35]
WARNING: [Synth 8-3848] Net less[2] in module/entity top does not have driver. [/home/sk/Desktop/EcoAttention/EcoAttention/EcoAttention.srcs/sources_1/new/top.sv:35]
WARNING: [Synth 8-3848] Net less[3] in module/entity top does not have driver. [/home/sk/Desktop/EcoAttention/EcoAttention/EcoAttention.srcs/sources_1/new/top.sv:35]
WARNING: [Synth 8-3848] Net less[4] in module/entity top does not have driver. [/home/sk/Desktop/EcoAttention/EcoAttention/EcoAttention.srcs/sources_1/new/top.sv:35]
WARNING: [Synth 8-3848] Net less[5] in module/entity top does not have driver. [/home/sk/Desktop/EcoAttention/EcoAttention/EcoAttention.srcs/sources_1/new/top.sv:35]
WARNING: [Synth 8-3848] Net less[6] in module/entity top does not have driver. [/home/sk/Desktop/EcoAttention/EcoAttention/EcoAttention.srcs/sources_1/new/top.sv:35]
WARNING: [Synth 8-3848] Net less[7] in module/entity top does not have driver. [/home/sk/Desktop/EcoAttention/EcoAttention/EcoAttention.srcs/sources_1/new/top.sv:35]
WARNING: [Synth 8-3848] Net Odin in module/entity top does not have driver. [/home/sk/Desktop/EcoAttention/EcoAttention/EcoAttention.srcs/sources_1/new/top.sv:36]
WARNING: [Synth 8-3848] Net O_dina in module/entity top does not have driver. [/home/sk/Desktop/EcoAttention/EcoAttention/EcoAttention.srcs/sources_1/new/top.sv:37]
WARNING: [Synth 8-3848] Net m_axis_valid in module/entity axis_wrapper does not have driver. [/home/sk/Desktop/EcoAttention/EcoAttention/EcoAttention.srcs/sources_1/new/axi_wrapper.sv:17]
WARNING: [Synth 8-3848] Net m_axis_data in module/entity axis_wrapper does not have driver. [/home/sk/Desktop/EcoAttention/EcoAttention/EcoAttention.srcs/sources_1/new/axi_wrapper.sv:18]
WARNING: [Synth 8-3848] Net m_axis_tlast in module/entity axis_wrapper does not have driver. [/home/sk/Desktop/EcoAttention/EcoAttention/EcoAttention.srcs/sources_1/new/axi_wrapper.sv:20]
WARNING: [Synth 8-3917] design axis_wrapper has port s_axis_ready driven by constant 1
WARNING: [Synth 8-7129] Port m_axis_valid in module axis_wrapper is either unconnected or has no load
WARNING: [Synth 8-7129] Port m_axis_data[31] in module axis_wrapper is either unconnected or has no load
WARNING: [Synth 8-7129] Port m_axis_data[30] in module axis_wrapper is either unconnected or has no load
WARNING: [Synth 8-7129] Port m_axis_data[29] in module axis_wrapper is either unconnected or has no load
WARNING: [Synth 8-7129] Port m_axis_data[28] in module axis_wrapper is either unconnected or has no load
WARNING: [Synth 8-7129] Port m_axis_data[27] in module axis_wrapper is either unconnected or has no load
WARNING: [Synth 8-7129] Port m_axis_data[26] in module axis_wrapper is either unconnected or has no load
WARNING: [Synth 8-7129] Port m_axis_data[25] in module axis_wrapper is either unconnected or has no load
WARNING: [Synth 8-7129] Port m_axis_data[24] in module axis_wrapper is either unconnected or has no load
WARNING: [Synth 8-7129] Port m_axis_data[23] in module axis_wrapper is either unconnected or has no load
WARNING: [Synth 8-7129] Port m_axis_data[22] in module axis_wrapper is either unconnected or has no load
WARNING: [Synth 8-7129] Port m_axis_data[21] in module axis_wrapper is either unconnected or has no load
WARNING: [Synth 8-7129] Port m_axis_data[20] in module axis_wrapper is either unconnected or has no load
WARNING: [Synth 8-7129] Port m_axis_data[19] in module axis_wrapper is either unconnected or has no load
WARNING: [Synth 8-7129] Port m_axis_data[18] in module axis_wrapper is either unconnected or has no load
WARNING: [Synth 8-7129] Port m_axis_data[17] in module axis_wrapper is either unconnected or has no load
WARNING: [Synth 8-7129] Port m_axis_data[16] in module axis_wrapper is either unconnected or has no load
WARNING: [Synth 8-7129] Port m_axis_data[15] in module axis_wrapper is either unconnected or has no load
WARNING: [Synth 8-7129] Port m_axis_data[14] in module axis_wrapper is either unconnected or has no load
WARNING: [Synth 8-7129] Port m_axis_data[13] in module axis_wrapper is either unconnected or has no load
WARNING: [Synth 8-7129] Port m_axis_data[12] in module axis_wrapper is either unconnected or has no load
WARNING: [Synth 8-7129] Port m_axis_data[11] in module axis_wrapper is either unconnected or has no load
WARNING: [Synth 8-7129] Port m_axis_data[10] in module axis_wrapper is either unconnected or has no load
WARNING: [Synth 8-7129] Port m_axis_data[9] in module axis_wrapper is either unconnected or has no load
WARNING: [Synth 8-7129] Port m_axis_data[8] in module axis_wrapper is either unconnected or has no load
WARNING: [Synth 8-7129] Port m_axis_data[7] in module axis_wrapper is either unconnected or has no load
WARNING: [Synth 8-7129] Port m_axis_data[6] in module axis_wrapper is either unconnected or has no load
WARNING: [Synth 8-7129] Port m_axis_data[5] in module axis_wrapper is either unconnected or has no load
WARNING: [Synth 8-7129] Port m_axis_data[4] in module axis_wrapper is either unconnected or has no load
WARNING: [Synth 8-7129] Port m_axis_data[3] in module axis_wrapper is either unconnected or has no load
WARNING: [Synth 8-7129] Port m_axis_data[2] in module axis_wrapper is either unconnected or has no load
WARNING: [Synth 8-7129] Port m_axis_data[1] in module axis_wrapper is either unconnected or has no load
WARNING: [Synth 8-7129] Port m_axis_data[0] in module axis_wrapper is either unconnected or has no load
WARNING: [Synth 8-7129] Port m_axis_tlast in module axis_wrapper is either unconnected or has no load
WARNING: [Synth 8-7129] Port s_axis_valid in module axis_wrapper is either unconnected or has no load
WARNING: [Synth 8-7129] Port s_axis_tlast in module axis_wrapper is either unconnected or has no load
WARNING: [Synth 8-7129] Port m_axis_ready in module axis_wrapper is either unconnected or has no load
---------------------------------------------------------------------------------
Finished RTL Elaboration : Time (s): cpu = 00:00:05 ; elapsed = 00:00:05 . Memory (MB): peak = 2862.520 ; gain = 393.715 ; free physical = 13635 ; free virtual = 48717
---------------------------------------------------------------------------------
---------------------------------------------------------------------------------
Start Handling Custom Attributes
---------------------------------------------------------------------------------
---------------------------------------------------------------------------------
Finished Handling Custom Attributes : Time (s): cpu = 00:00:05 ; elapsed = 00:00:06 . Memory (MB): peak = 2862.520 ; gain = 393.715 ; free physical = 13635 ; free virtual = 48717
---------------------------------------------------------------------------------
---------------------------------------------------------------------------------
Finished RTL Optimization Phase 1 : Time (s): cpu = 00:00:05 ; elapsed = 00:00:06 . Memory (MB): peak = 2862.520 ; gain = 393.715 ; free physical = 13635 ; free virtual = 48717
---------------------------------------------------------------------------------
Netlist sorting complete. Time (s): cpu = 00:00:00.06 ; elapsed = 00:00:00.06 . Memory (MB): peak = 2870.520 ; gain = 0.000 ; free physical = 13634 ; free virtual = 48715
INFO: [Project 1-570] Preparing netlist for logic optimization

Processing XDC Constraints
Initializing timing engine
Parsing XDC File [/home/sk/Desktop/EcoAttention/EcoAttention/EcoAttention.srcs/sources_1/ip/ADDER/ADDER/ADDER_in_context.xdc] for cell 'my_core/gen_adders[0].add_inst'
Finished Parsing XDC File [/home/sk/Desktop/EcoAttention/EcoAttention/EcoAttention.srcs/sources_1/ip/ADDER/ADDER/ADDER_in_context.xdc] for cell 'my_core/gen_adders[0].add_inst'
Parsing XDC File [/home/sk/Desktop/EcoAttention/EcoAttention/EcoAttention.srcs/sources_1/ip/ADDER/ADDER/ADDER_in_context.xdc] for cell 'my_core/gen_adders[1].add_inst'
Finished Parsing XDC File [/home/sk/Desktop/EcoAttention/EcoAttention/EcoAttention.srcs/sources_1/ip/ADDER/ADDER/ADDER_in_context.xdc] for cell 'my_core/gen_adders[1].add_inst'
Parsing XDC File [/home/sk/Desktop/EcoAttention/EcoAttention/EcoAttention.srcs/sources_1/ip/ADDER/ADDER/ADDER_in_context.xdc] for cell 'my_core/gen_adders[2].add_inst'
Finished Parsing XDC File [/home/sk/Desktop/EcoAttention/EcoAttention/EcoAttention.srcs/sources_1/ip/ADDER/ADDER/ADDER_in_context.xdc] for cell 'my_core/gen_adders[2].add_inst'
Parsing XDC File [/home/sk/Desktop/EcoAttention/EcoAttention/EcoAttention.srcs/sources_1/ip/ADDER/ADDER/ADDER_in_context.xdc] for cell 'my_core/gen_adders[3].add_inst'
Finished Parsing XDC File [/home/sk/Desktop/EcoAttention/EcoAttention/EcoAttention.srcs/sources_1/ip/ADDER/ADDER/ADDER_in_context.xdc] for cell 'my_core/gen_adders[3].add_inst'
Parsing XDC File [/home/sk/Desktop/EcoAttention/EcoAttention/EcoAttention.srcs/sources_1/ip/ADDER/ADDER/ADDER_in_context.xdc] for cell 'my_core/gen_adders[4].add_inst'
Finished Parsing XDC File [/home/sk/Desktop/EcoAttention/EcoAttention/EcoAttention.srcs/sources_1/ip/ADDER/ADDER/ADDER_in_context.xdc] for cell 'my_core/gen_adders[4].add_inst'
Parsing XDC File [/home/sk/Desktop/EcoAttention/EcoAttention/EcoAttention.srcs/sources_1/ip/ADDER/ADDER/ADDER_in_context.xdc] for cell 'my_core/gen_adders[5].add_inst'
Finished Parsing XDC File [/home/sk/Desktop/EcoAttention/EcoAttention/EcoAttention.srcs/sources_1/ip/ADDER/ADDER/ADDER_in_context.xdc] for cell 'my_core/gen_adders[5].add_inst'
Parsing XDC File [/home/sk/Desktop/EcoAttention/EcoAttention/EcoAttention.srcs/sources_1/ip/ADDER/ADDER/ADDER_in_context.xdc] for cell 'my_core/gen_adders[6].add_inst'
Finished Parsing XDC File [/home/sk/Desktop/EcoAttention/EcoAttention/EcoAttention.srcs/sources_1/ip/ADDER/ADDER/ADDER_in_context.xdc] for cell 'my_core/gen_adders[6].add_inst'
Parsing XDC File [/home/sk/Desktop/EcoAttention/EcoAttention/EcoAttention.srcs/sources_1/ip/ADDER/ADDER/ADDER_in_context.xdc] for cell 'my_core/gen_adders[7].add_inst'
Finished Parsing XDC File [/home/sk/Desktop/EcoAttention/EcoAttention/EcoAttention.srcs/sources_1/ip/ADDER/ADDER/ADDER_in_context.xdc] for cell 'my_core/gen_adders[7].add_inst'
Parsing XDC File [/home/sk/Desktop/EcoAttention/EcoAttention/EcoAttention.srcs/sources_1/ip/ADDER/ADDER/ADDER_in_context.xdc] for cell 'my_core/gen_adders[8].add_inst'
Finished Parsing XDC File [/home/sk/Desktop/EcoAttention/EcoAttention/EcoAttention.srcs/sources_1/ip/ADDER/ADDER/ADDER_in_context.xdc] for cell 'my_core/gen_adders[8].add_inst'
Parsing XDC File [/home/sk/Desktop/EcoAttention/EcoAttention/EcoAttention.srcs/sources_1/ip/ADDER/ADDER/ADDER_in_context.xdc] for cell 'my_core/gen_adders[9].add_inst'
Finished Parsing XDC File [/home/sk/Desktop/EcoAttention/EcoAttention/EcoAttention.srcs/sources_1/ip/ADDER/ADDER/ADDER_in_context.xdc] for cell 'my_core/gen_adders[9].add_inst'
Parsing XDC File [/home/sk/Desktop/EcoAttention/EcoAttention/EcoAttention.srcs/sources_1/ip/ADDER/ADDER/ADDER_in_context.xdc] for cell 'my_core/gen_adders[10].add_inst'
Finished Parsing XDC File [/home/sk/Desktop/EcoAttention/EcoAttention/EcoAttention.srcs/sources_1/ip/ADDER/ADDER/ADDER_in_context.xdc] for cell 'my_core/gen_adders[10].add_inst'
Parsing XDC File [/home/sk/Desktop/EcoAttention/EcoAttention/EcoAttention.srcs/sources_1/ip/ADDER/ADDER/ADDER_in_context.xdc] for cell 'my_core/gen_adders[11].add_inst'
Finished Parsing XDC File [/home/sk/Desktop/EcoAttention/EcoAttention/EcoAttention.srcs/sources_1/ip/ADDER/ADDER/ADDER_in_context.xdc] for cell 'my_core/gen_adders[11].add_inst'
Parsing XDC File [/home/sk/Desktop/EcoAttention/EcoAttention/EcoAttention.srcs/sources_1/ip/ADDER/ADDER/ADDER_in_context.xdc] for cell 'my_core/gen_adders[12].add_inst'
Finished Parsing XDC File [/home/sk/Desktop/EcoAttention/EcoAttention/EcoAttention.srcs/sources_1/ip/ADDER/ADDER/ADDER_in_context.xdc] for cell 'my_core/gen_adders[12].add_inst'
Parsing XDC File [/home/sk/Desktop/EcoAttention/EcoAttention/EcoAttention.srcs/sources_1/ip/ADDER/ADDER/ADDER_in_context.xdc] for cell 'my_core/gen_adders[13].add_inst'
Finished Parsing XDC File [/home/sk/Desktop/EcoAttention/EcoAttention/EcoAttention.srcs/sources_1/ip/ADDER/ADDER/ADDER_in_context.xdc] for cell 'my_core/gen_adders[13].add_inst'
Parsing XDC File [/home/sk/Desktop/EcoAttention/EcoAttention/EcoAttention.srcs/sources_1/ip/ADDER/ADDER/ADDER_in_context.xdc] for cell 'my_core/gen_adders[14].add_inst'
Finished Parsing XDC File [/home/sk/Desktop/EcoAttention/EcoAttention/EcoAttention.srcs/sources_1/ip/ADDER/ADDER/ADDER_in_context.xdc] for cell 'my_core/gen_adders[14].add_inst'
Parsing XDC File [/home/sk/Desktop/EcoAttention/EcoAttention/EcoAttention.srcs/sources_1/ip/ADDER/ADDER/ADDER_in_context.xdc] for cell 'my_core/gen_adders[15].add_inst'
Finished Parsing XDC File [/home/sk/Desktop/EcoAttention/EcoAttention/EcoAttention.srcs/sources_1/ip/ADDER/ADDER/ADDER_in_context.xdc] for cell 'my_core/gen_adders[15].add_inst'
Parsing XDC File [/home/sk/Desktop/EcoAttention/EcoAttention/EcoAttention.srcs/sources_1/ip/ADDER/ADDER/ADDER_in_context.xdc] for cell 'my_core/gen_adders[16].add_inst'
Finished Parsing XDC File [/home/sk/Desktop/EcoAttention/EcoAttention/EcoAttention.srcs/sources_1/ip/ADDER/ADDER/ADDER_in_context.xdc] for cell 'my_core/gen_adders[16].add_inst'
Parsing XDC File [/home/sk/Desktop/EcoAttention/EcoAttention/EcoAttention.srcs/sources_1/ip/ADDER/ADDER/ADDER_in_context.xdc] for cell 'my_core/gen_adders[17].add_inst'
Finished Parsing XDC File [/home/sk/Desktop/EcoAttention/EcoAttention/EcoAttention.srcs/sources_1/ip/ADDER/ADDER/ADDER_in_context.xdc] for cell 'my_core/gen_adders[17].add_inst'
Parsing XDC File [/home/sk/Desktop/EcoAttention/EcoAttention/EcoAttention.srcs/sources_1/ip/ADDER/ADDER/ADDER_in_context.xdc] for cell 'my_core/gen_adders[18].add_inst'
Finished Parsing XDC File [/home/sk/Desktop/EcoAttention/EcoAttention/EcoAttention.srcs/sources_1/ip/ADDER/ADDER/ADDER_in_context.xdc] for cell 'my_core/gen_adders[18].add_inst'
Parsing XDC File [/home/sk/Desktop/EcoAttention/EcoAttention/EcoAttention.srcs/sources_1/ip/ADDER/ADDER/ADDER_in_context.xdc] for cell 'my_core/gen_adders[19].add_inst'
Finished Parsing XDC File [/home/sk/Desktop/EcoAttention/EcoAttention/EcoAttention.srcs/sources_1/ip/ADDER/ADDER/ADDER_in_context.xdc] for cell 'my_core/gen_adders[19].add_inst'
Parsing XDC File [/home/sk/Desktop/EcoAttention/EcoAttention/EcoAttention.srcs/sources_1/ip/ADDER/ADDER/ADDER_in_context.xdc] for cell 'my_core/gen_adders[20].add_inst'
Finished Parsing XDC File [/home/sk/Desktop/EcoAttention/EcoAttention/EcoAttention.srcs/sources_1/ip/ADDER/ADDER/ADDER_in_context.xdc] for cell 'my_core/gen_adders[20].add_inst'
Parsing XDC File [/home/sk/Desktop/EcoAttention/EcoAttention/EcoAttention.srcs/sources_1/ip/ADDER/ADDER/ADDER_in_context.xdc] for cell 'my_core/gen_adders[21].add_inst'
Finished Parsing XDC File [/home/sk/Desktop/EcoAttention/EcoAttention/EcoAttention.srcs/sources_1/ip/ADDER/ADDER/ADDER_in_context.xdc] for cell 'my_core/gen_adders[21].add_inst'
Parsing XDC File [/home/sk/Desktop/EcoAttention/EcoAttention/EcoAttention.srcs/sources_1/ip/ADDER/ADDER/ADDER_in_context.xdc] for cell 'my_core/gen_adders[22].add_inst'
Finished Parsing XDC File [/home/sk/Desktop/EcoAttention/EcoAttention/EcoAttention.srcs/sources_1/ip/ADDER/ADDER/ADDER_in_context.xdc] for cell 'my_core/gen_adders[22].add_inst'
Parsing XDC File [/home/sk/Desktop/EcoAttention/EcoAttention/EcoAttention.srcs/sources_1/ip/ADDER/ADDER/ADDER_in_context.xdc] for cell 'my_core/gen_adders[23].add_inst'
Finished Parsing XDC File [/home/sk/Desktop/EcoAttention/EcoAttention/EcoAttention.srcs/sources_1/ip/ADDER/ADDER/ADDER_in_context.xdc] for cell 'my_core/gen_adders[23].add_inst'
Parsing XDC File [/home/sk/Desktop/EcoAttention/EcoAttention/EcoAttention.srcs/sources_1/ip/ADDER/ADDER/ADDER_in_context.xdc] for cell 'my_core/gen_adders[24].add_inst'
Finished Parsing XDC File [/home/sk/Desktop/EcoAttention/EcoAttention/EcoAttention.srcs/sources_1/ip/ADDER/ADDER/ADDER_in_context.xdc] for cell 'my_core/gen_adders[24].add_inst'
Parsing XDC File [/home/sk/Desktop/EcoAttention/EcoAttention/EcoAttention.srcs/sources_1/ip/ADDER/ADDER/ADDER_in_context.xdc] for cell 'my_core/gen_adders[25].add_inst'
Finished Parsing XDC File [/home/sk/Desktop/EcoAttention/EcoAttention/EcoAttention.srcs/sources_1/ip/ADDER/ADDER/ADDER_in_context.xdc] for cell 'my_core/gen_adders[25].add_inst'
Parsing XDC File [/home/sk/Desktop/EcoAttention/EcoAttention/EcoAttention.srcs/sources_1/ip/ADDER/ADDER/ADDER_in_context.xdc] for cell 'my_core/gen_adders[26].add_inst'
Finished Parsing XDC File [/home/sk/Desktop/EcoAttention/EcoAttention/EcoAttention.srcs/sources_1/ip/ADDER/ADDER/ADDER_in_context.xdc] for cell 'my_core/gen_adders[26].add_inst'
Parsing XDC File [/home/sk/Desktop/EcoAttention/EcoAttention/EcoAttention.srcs/sources_1/ip/ADDER/ADDER/ADDER_in_context.xdc] for cell 'my_core/gen_adders[27].add_inst'
Finished Parsing XDC File [/home/sk/Desktop/EcoAttention/EcoAttention/EcoAttention.srcs/sources_1/ip/ADDER/ADDER/ADDER_in_context.xdc] for cell 'my_core/gen_adders[27].add_inst'
Parsing XDC File [/home/sk/Desktop/EcoAttention/EcoAttention/EcoAttention.srcs/sources_1/ip/ADDER/ADDER/ADDER_in_context.xdc] for cell 'my_core/gen_adders[28].add_inst'
Finished Parsing XDC File [/home/sk/Desktop/EcoAttention/EcoAttention/EcoAttention.srcs/sources_1/ip/ADDER/ADDER/ADDER_in_context.xdc] for cell 'my_core/gen_adders[28].add_inst'
Parsing XDC File [/home/sk/Desktop/EcoAttention/EcoAttention/EcoAttention.srcs/sources_1/ip/ADDER/ADDER/ADDER_in_context.xdc] for cell 'my_core/gen_adders[29].add_inst'
Finished Parsing XDC File [/home/sk/Desktop/EcoAttention/EcoAttention/EcoAttention.srcs/sources_1/ip/ADDER/ADDER/ADDER_in_context.xdc] for cell 'my_core/gen_adders[29].add_inst'
Parsing XDC File [/home/sk/Desktop/EcoAttention/EcoAttention/EcoAttention.srcs/sources_1/ip/EXP/EXP/EXP_in_context.xdc] for cell 'my_core/gen_exps[0].exp'
Finished Parsing XDC File [/home/sk/Desktop/EcoAttention/EcoAttention/EcoAttention.srcs/sources_1/ip/EXP/EXP/EXP_in_context.xdc] for cell 'my_core/gen_exps[0].exp'
Parsing XDC File [/home/sk/Desktop/EcoAttention/EcoAttention/EcoAttention.srcs/sources_1/ip/EXP/EXP/EXP_in_context.xdc] for cell 'my_core/gen_exps[1].exp'
Finished Parsing XDC File [/home/sk/Desktop/EcoAttention/EcoAttention/EcoAttention.srcs/sources_1/ip/EXP/EXP/EXP_in_context.xdc] for cell 'my_core/gen_exps[1].exp'
Parsing XDC File [/home/sk/Desktop/EcoAttention/EcoAttention/EcoAttention.srcs/sources_1/ip/GREATERthan/GREATERthan/GREATERthan_in_context.xdc] for cell 'my_core/gen_comps[0].greater'
Finished Parsing XDC File [/home/sk/Desktop/EcoAttention/EcoAttention/EcoAttention.srcs/sources_1/ip/GREATERthan/GREATERthan/GREATERthan_in_context.xdc] for cell 'my_core/gen_comps[0].greater'
Parsing XDC File [/home/sk/Desktop/EcoAttention/EcoAttention/EcoAttention.srcs/sources_1/ip/GREATERthan/GREATERthan/GREATERthan_in_context.xdc] for cell 'my_core/gen_comps[1].greater'
Finished Parsing XDC File [/home/sk/Desktop/EcoAttention/EcoAttention/EcoAttention.srcs/sources_1/ip/GREATERthan/GREATERthan/GREATERthan_in_context.xdc] for cell 'my_core/gen_comps[1].greater'
Parsing XDC File [/home/sk/Desktop/EcoAttention/EcoAttention/EcoAttention.srcs/sources_1/ip/GREATERthan/GREATERthan/GREATERthan_in_context.xdc] for cell 'my_core/gen_comps[2].greater'
Finished Parsing XDC File [/home/sk/Desktop/EcoAttention/EcoAttention/EcoAttention.srcs/sources_1/ip/GREATERthan/GREATERthan/GREATERthan_in_context.xdc] for cell 'my_core/gen_comps[2].greater'
Parsing XDC File [/home/sk/Desktop/EcoAttention/EcoAttention/EcoAttention.srcs/sources_1/ip/GREATERthan/GREATERthan/GREATERthan_in_context.xdc] for cell 'my_core/gen_comps[3].greater'
Finished Parsing XDC File [/home/sk/Desktop/EcoAttention/EcoAttention/EcoAttention.srcs/sources_1/ip/GREATERthan/GREATERthan/GREATERthan_in_context.xdc] for cell 'my_core/gen_comps[3].greater'
Parsing XDC File [/home/sk/Desktop/EcoAttention/EcoAttention/EcoAttention.srcs/sources_1/ip/GREATERthan/GREATERthan/GREATERthan_in_context.xdc] for cell 'my_core/gen_comps[4].greater'
Finished Parsing XDC File [/home/sk/Desktop/EcoAttention/EcoAttention/EcoAttention.srcs/sources_1/ip/GREATERthan/GREATERthan/GREATERthan_in_context.xdc] for cell 'my_core/gen_comps[4].greater'
Parsing XDC File [/home/sk/Desktop/EcoAttention/EcoAttention/EcoAttention.srcs/sources_1/ip/GREATERthan/GREATERthan/GREATERthan_in_context.xdc] for cell 'my_core/gen_comps[5].greater'
Finished Parsing XDC File [/home/sk/Desktop/EcoAttention/EcoAttention/EcoAttention.srcs/sources_1/ip/GREATERthan/GREATERthan/GREATERthan_in_context.xdc] for cell 'my_core/gen_comps[5].greater'
Parsing XDC File [/home/sk/Desktop/EcoAttention/EcoAttention/EcoAttention.srcs/sources_1/ip/GREATERthan/GREATERthan/GREATERthan_in_context.xdc] for cell 'my_core/gen_comps[6].greater'
Finished Parsing XDC File [/home/sk/Desktop/EcoAttention/EcoAttention/EcoAttention.srcs/sources_1/ip/GREATERthan/GREATERthan/GREATERthan_in_context.xdc] for cell 'my_core/gen_comps[6].greater'
Parsing XDC File [/home/sk/Desktop/EcoAttention/EcoAttention/EcoAttention.srcs/sources_1/ip/GREATERthan/GREATERthan/GREATERthan_in_context.xdc] for cell 'my_core/gen_comps[7].greater'
Finished Parsing XDC File [/home/sk/Desktop/EcoAttention/EcoAttention/EcoAttention.srcs/sources_1/ip/GREATERthan/GREATERthan/GREATERthan_in_context.xdc] for cell 'my_core/gen_comps[7].greater'
Parsing XDC File [/home/sk/Desktop/EcoAttention/EcoAttention/EcoAttention.srcs/sources_1/ip/MUL/MUL/MUL_in_context.xdc] for cell 'my_core/gen_muls[0].mul'
Finished Parsing XDC File [/home/sk/Desktop/EcoAttention/EcoAttention/EcoAttention.srcs/sources_1/ip/MUL/MUL/MUL_in_context.xdc] for cell 'my_core/gen_muls[0].mul'
Parsing XDC File [/home/sk/Desktop/EcoAttention/EcoAttention/EcoAttention.srcs/sources_1/ip/MUL/MUL/MUL_in_context.xdc] for cell 'my_core/gen_muls[1].mul'
Finished Parsing XDC File [/home/sk/Desktop/EcoAttention/EcoAttention/EcoAttention.srcs/sources_1/ip/MUL/MUL/MUL_in_context.xdc] for cell 'my_core/gen_muls[1].mul'
Parsing XDC File [/home/sk/Desktop/EcoAttention/EcoAttention/EcoAttention.srcs/sources_1/ip/MUL/MUL/MUL_in_context.xdc] for cell 'my_core/gen_muls[2].mul'
Finished Parsing XDC File [/home/sk/Desktop/EcoAttention/EcoAttention/EcoAttention.srcs/sources_1/ip/MUL/MUL/MUL_in_context.xdc] for cell 'my_core/gen_muls[2].mul'
Parsing XDC File [/home/sk/Desktop/EcoAttention/EcoAttention/EcoAttention.srcs/sources_1/ip/MUL/MUL/MUL_in_context.xdc] for cell 'my_core/gen_muls[3].mul'
Finished Parsing XDC File [/home/sk/Desktop/EcoAttention/EcoAttention/EcoAttention.srcs/sources_1/ip/MUL/MUL/MUL_in_context.xdc] for cell 'my_core/gen_muls[3].mul'
Parsing XDC File [/home/sk/Desktop/EcoAttention/EcoAttention/EcoAttention.srcs/sources_1/ip/MUL/MUL/MUL_in_context.xdc] for cell 'my_core/gen_muls[4].mul'
Finished Parsing XDC File [/home/sk/Desktop/EcoAttention/EcoAttention/EcoAttention.srcs/sources_1/ip/MUL/MUL/MUL_in_context.xdc] for cell 'my_core/gen_muls[4].mul'
Parsing XDC File [/home/sk/Desktop/EcoAttention/EcoAttention/EcoAttention.srcs/sources_1/ip/MUL/MUL/MUL_in_context.xdc] for cell 'my_core/gen_muls[5].mul'
Finished Parsing XDC File [/home/sk/Desktop/EcoAttention/EcoAttention/EcoAttention.srcs/sources_1/ip/MUL/MUL/MUL_in_context.xdc] for cell 'my_core/gen_muls[5].mul'
Parsing XDC File [/home/sk/Desktop/EcoAttention/EcoAttention/EcoAttention.srcs/sources_1/ip/MUL/MUL/MUL_in_context.xdc] for cell 'my_core/gen_muls[6].mul'
Finished Parsing XDC File [/home/sk/Desktop/EcoAttention/EcoAttention/EcoAttention.srcs/sources_1/ip/MUL/MUL/MUL_in_context.xdc] for cell 'my_core/gen_muls[6].mul'
Parsing XDC File [/home/sk/Desktop/EcoAttention/EcoAttention/EcoAttention.srcs/sources_1/ip/MUL/MUL/MUL_in_context.xdc] for cell 'my_core/gen_muls[7].mul'
Finished Parsing XDC File [/home/sk/Desktop/EcoAttention/EcoAttention/EcoAttention.srcs/sources_1/ip/MUL/MUL/MUL_in_context.xdc] for cell 'my_core/gen_muls[7].mul'
Parsing XDC File [/home/sk/Desktop/EcoAttention/EcoAttention/EcoAttention.srcs/sources_1/ip/MUL/MUL/MUL_in_context.xdc] for cell 'my_core/gen_muls[8].mul'
Finished Parsing XDC File [/home/sk/Desktop/EcoAttention/EcoAttention/EcoAttention.srcs/sources_1/ip/MUL/MUL/MUL_in_context.xdc] for cell 'my_core/gen_muls[8].mul'
Parsing XDC File [/home/sk/Desktop/EcoAttention/EcoAttention/EcoAttention.srcs/sources_1/ip/MUL/MUL/MUL_in_context.xdc] for cell 'my_core/gen_muls[9].mul'
Finished Parsing XDC File [/home/sk/Desktop/EcoAttention/EcoAttention/EcoAttention.srcs/sources_1/ip/MUL/MUL/MUL_in_context.xdc] for cell 'my_core/gen_muls[9].mul'
Parsing XDC File [/home/sk/Desktop/EcoAttention/EcoAttention/EcoAttention.srcs/sources_1/ip/MUL/MUL/MUL_in_context.xdc] for cell 'my_core/gen_muls[10].mul'
Finished Parsing XDC File [/home/sk/Desktop/EcoAttention/EcoAttention/EcoAttention.srcs/sources_1/ip/MUL/MUL/MUL_in_context.xdc] for cell 'my_core/gen_muls[10].mul'
Parsing XDC File [/home/sk/Desktop/EcoAttention/EcoAttention/EcoAttention.srcs/sources_1/ip/MUL/MUL/MUL_in_context.xdc] for cell 'my_core/gen_muls[11].mul'
Finished Parsing XDC File [/home/sk/Desktop/EcoAttention/EcoAttention/EcoAttention.srcs/sources_1/ip/MUL/MUL/MUL_in_context.xdc] for cell 'my_core/gen_muls[11].mul'
Parsing XDC File [/home/sk/Desktop/EcoAttention/EcoAttention/EcoAttention.srcs/sources_1/ip/MUL/MUL/MUL_in_context.xdc] for cell 'my_core/gen_muls[12].mul'
Finished Parsing XDC File [/home/sk/Desktop/EcoAttention/EcoAttention/EcoAttention.srcs/sources_1/ip/MUL/MUL/MUL_in_context.xdc] for cell 'my_core/gen_muls[12].mul'
Parsing XDC File [/home/sk/Desktop/EcoAttention/EcoAttention/EcoAttention.srcs/sources_1/ip/MUL/MUL/MUL_in_context.xdc] for cell 'my_core/gen_muls[13].mul'
Finished Parsing XDC File [/home/sk/Desktop/EcoAttention/EcoAttention/EcoAttention.srcs/sources_1/ip/MUL/MUL/MUL_in_context.xdc] for cell 'my_core/gen_muls[13].mul'
Parsing XDC File [/home/sk/Desktop/EcoAttention/EcoAttention/EcoAttention.srcs/sources_1/ip/MUL/MUL/MUL_in_context.xdc] for cell 'my_core/gen_muls[14].mul'
Finished Parsing XDC File [/home/sk/Desktop/EcoAttention/EcoAttention/EcoAttention.srcs/sources_1/ip/MUL/MUL/MUL_in_context.xdc] for cell 'my_core/gen_muls[14].mul'
Parsing XDC File [/home/sk/Desktop/EcoAttention/EcoAttention/EcoAttention.srcs/sources_1/ip/MUL/MUL/MUL_in_context.xdc] for cell 'my_core/gen_muls[15].mul'
Finished Parsing XDC File [/home/sk/Desktop/EcoAttention/EcoAttention/EcoAttention.srcs/sources_1/ip/MUL/MUL/MUL_in_context.xdc] for cell 'my_core/gen_muls[15].mul'
Parsing XDC File [/home/sk/Desktop/EcoAttention/EcoAttention/EcoAttention.srcs/sources_1/ip/MUL/MUL/MUL_in_context.xdc] for cell 'my_core/gen_muls[16].mul'
Finished Parsing XDC File [/home/sk/Desktop/EcoAttention/EcoAttention/EcoAttention.srcs/sources_1/ip/MUL/MUL/MUL_in_context.xdc] for cell 'my_core/gen_muls[16].mul'
Parsing XDC File [/home/sk/Desktop/EcoAttention/EcoAttention/EcoAttention.srcs/sources_1/ip/MUL/MUL/MUL_in_context.xdc] for cell 'my_core/gen_muls[17].mul'
Finished Parsing XDC File [/home/sk/Desktop/EcoAttention/EcoAttention/EcoAttention.srcs/sources_1/ip/MUL/MUL/MUL_in_context.xdc] for cell 'my_core/gen_muls[17].mul'
Parsing XDC File [/home/sk/Desktop/EcoAttention/EcoAttention/EcoAttention.srcs/sources_1/ip/CACHE/CACHE/CACHE_in_context.xdc] for cell 'my_core/O_tilde'
Finished Parsing XDC File [/home/sk/Desktop/EcoAttention/EcoAttention/EcoAttention.srcs/sources_1/ip/CACHE/CACHE/CACHE_in_context.xdc] for cell 'my_core/O_tilde'
Parsing XDC File [/home/sk/Desktop/EcoAttention/EcoAttention/EcoAttention.srcs/sources_1/ip/K/K/K_in_context.xdc] for cell 'my_core/BRAMk'
Finished Parsing XDC File [/home/sk/Desktop/EcoAttention/EcoAttention/EcoAttention.srcs/sources_1/ip/K/K/K_in_context.xdc] for cell 'my_core/BRAMk'
Parsing XDC File [/home/sk/Desktop/EcoAttention/EcoAttention/EcoAttention.srcs/sources_1/ip/O/O/O_in_context.xdc] for cell 'my_core/BRAMo'
Finished Parsing XDC File [/home/sk/Desktop/EcoAttention/EcoAttention/EcoAttention.srcs/sources_1/ip/O/O/O_in_context.xdc] for cell 'my_core/BRAMo'
Parsing XDC File [/home/sk/Desktop/EcoAttention/EcoAttention/EcoAttention.srcs/sources_1/ip/Q/Q/Q_in_context.xdc] for cell 'my_core/BRAMq'
Finished Parsing XDC File [/home/sk/Desktop/EcoAttention/EcoAttention/EcoAttention.srcs/sources_1/ip/Q/Q/Q_in_context.xdc] for cell 'my_core/BRAMq'
Parsing XDC File [/home/sk/Desktop/EcoAttention/EcoAttention/EcoAttention.srcs/sources_1/ip/V/V/V_in_context.xdc] for cell 'my_core/BRAMv'
Finished Parsing XDC File [/home/sk/Desktop/EcoAttention/EcoAttention/EcoAttention.srcs/sources_1/ip/V/V/V_in_context.xdc] for cell 'my_core/BRAMv'
Parsing XDC File [/home/sk/Desktop/EcoAttention/EcoAttention/EcoAttention.srcs/constrs_1/new/constraint.xdc]
INFO: [Constraints 18-483] create_clock: no pin(s)/port(s)/net(s) specified as objects, only virtual clock 'clk' will be created. If you don't want this, please specify pin(s)/ports(s)/net(s) as objects to the command. [/home/sk/Desktop/EcoAttention/EcoAttention/EcoAttention.srcs/constrs_1/new/constraint.xdc:1]
WARNING: [Vivado 12-584] No ports matched 'clk'. [/home/sk/Desktop/EcoAttention/EcoAttention/EcoAttention.srcs/constrs_1/new/constraint.xdc:3]
Finished Parsing XDC File [/home/sk/Desktop/EcoAttention/EcoAttention/EcoAttention.srcs/constrs_1/new/constraint.xdc]
WARNING: [Project 1-498] One or more constraints failed evaluation while reading constraint file [/home/sk/Desktop/EcoAttention/EcoAttention/EcoAttention.srcs/constrs_1/new/constraint.xdc] and the design contains unresolved black boxes. These constraints will be read post-synthesis (as long as their source constraint file is marked as used_in_implementation) and should be applied correctly then. You should review the constraints listed in the file [.Xil/axis_wrapper_propImpl.xdc] and check the run log file to verify that these constraints were correctly applied.
Completed Processing XDC Constraints

Netlist sorting complete. Time (s): cpu = 00:00:00 ; elapsed = 00:00:00 . Memory (MB): peak = 3000.965 ; gain = 0.000 ; free physical = 13626 ; free virtual = 48708
INFO: [Project 1-111] Unisim Transformation Summary:
No Unisim elements were transformed.

Constraint Validation Runtime : Time (s): cpu = 00:00:00.02 ; elapsed = 00:00:00.02 . Memory (MB): peak = 3001.000 ; gain = 0.000 ; free physical = 13627 ; free virtual = 48708
INFO: [Designutils 20-5440] No compile time benefit to using incremental synthesis; A full resynthesis will be run
INFO: [Designutils 20-4379] Flow is switching to default flow due to incremental criteria not met. If you would like to alter this behaviour and have the flow terminate instead, please set the following parameter config_implementation {autoIncr.Synth.RejectBehavior Terminate}
---------------------------------------------------------------------------------
Finished Constraint Validation : Time (s): cpu = 00:00:16 ; elapsed = 00:00:16 . Memory (MB): peak = 3001.000 ; gain = 532.195 ; free physical = 13624 ; free virtual = 48705
---------------------------------------------------------------------------------
---------------------------------------------------------------------------------
Start Loading Part and Timing Information
---------------------------------------------------------------------------------
Loading part: xczu7ev-ffvc1156-2-e
INFO: [Synth 8-6742] Reading net delay rules and data
---------------------------------------------------------------------------------
Finished Loading Part and Timing Information : Time (s): cpu = 00:00:16 ; elapsed = 00:00:16 . Memory (MB): peak = 3001.000 ; gain = 532.195 ; free physical = 13624 ; free virtual = 48705
---------------------------------------------------------------------------------
---------------------------------------------------------------------------------
Start Applying 'set_property' XDC Constraints
---------------------------------------------------------------------------------
Applied set_property KEEP_HIERARCHY = SOFT for my_core/\gen_adders[0].add_inst . (constraint file  auto generated constraint).
Applied set_property KEEP_HIERARCHY = SOFT for my_core/\gen_adders[10].add_inst . (constraint file  auto generated constraint).
Applied set_property KEEP_HIERARCHY = SOFT for my_core/\gen_adders[11].add_inst . (constraint file  auto generated constraint).
Applied set_property KEEP_HIERARCHY = SOFT for my_core/\gen_adders[12].add_inst . (constraint file  auto generated constraint).
Applied set_property KEEP_HIERARCHY = SOFT for my_core/\gen_adders[13].add_inst . (constraint file  auto generated constraint).
Applied set_property KEEP_HIERARCHY = SOFT for my_core/\gen_adders[14].add_inst . (constraint file  auto generated constraint).
Applied set_property KEEP_HIERARCHY = SOFT for my_core/\gen_adders[15].add_inst . (constraint file  auto generated constraint).
Applied set_property KEEP_HIERARCHY = SOFT for my_core/\gen_adders[16].add_inst . (constraint file  auto generated constraint).
Applied set_property KEEP_HIERARCHY = SOFT for my_core/\gen_adders[17].add_inst . (constraint file  auto generated constraint).
Applied set_property KEEP_HIERARCHY = SOFT for my_core/\gen_adders[18].add_inst . (constraint file  auto generated constraint).
Applied set_property KEEP_HIERARCHY = SOFT for my_core/\gen_adders[19].add_inst . (constraint file  auto generated constraint).
Applied set_property KEEP_HIERARCHY = SOFT for my_core/\gen_adders[1].add_inst . (constraint file  auto generated constraint).
Applied set_property KEEP_HIERARCHY = SOFT for my_core/\gen_adders[20].add_inst . (constraint file  auto generated constraint).
Applied set_property KEEP_HIERARCHY = SOFT for my_core/\gen_adders[21].add_inst . (constraint file  auto generated constraint).
Applied set_property KEEP_HIERARCHY = SOFT for my_core/\gen_adders[22].add_inst . (constraint file  auto generated constraint).
Applied set_property KEEP_HIERARCHY = SOFT for my_core/\gen_adders[23].add_inst . (constraint file  auto generated constraint).
Applied set_property KEEP_HIERARCHY = SOFT for my_core/\gen_adders[24].add_inst . (constraint file  auto generated constraint).
Applied set_property KEEP_HIERARCHY = SOFT for my_core/\gen_adders[25].add_inst . (constraint file  auto generated constraint).
Applied set_property KEEP_HIERARCHY = SOFT for my_core/\gen_adders[26].add_inst . (constraint file  auto generated constraint).
Applied set_property KEEP_HIERARCHY = SOFT for my_core/\gen_adders[27].add_inst . (constraint file  auto generated constraint).
Applied set_property KEEP_HIERARCHY = SOFT for my_core/\gen_adders[28].add_inst . (constraint file  auto generated constraint).
Applied set_property KEEP_HIERARCHY = SOFT for my_core/\gen_adders[29].add_inst . (constraint file  auto generated constraint).
Applied set_property KEEP_HIERARCHY = SOFT for my_core/\gen_adders[2].add_inst . (constraint file  auto generated constraint).
Applied set_property KEEP_HIERARCHY = SOFT for my_core/\gen_adders[3].add_inst . (constraint file  auto generated constraint).
Applied set_property KEEP_HIERARCHY = SOFT for my_core/\gen_adders[4].add_inst . (constraint file  auto generated constraint).
Applied set_property KEEP_HIERARCHY = SOFT for my_core/\gen_adders[5].add_inst . (constraint file  auto generated constraint).
Applied set_property KEEP_HIERARCHY = SOFT for my_core/\gen_adders[6].add_inst . (constraint file  auto generated constraint).
Applied set_property KEEP_HIERARCHY = SOFT for my_core/\gen_adders[7].add_inst . (constraint file  auto generated constraint).
Applied set_property KEEP_HIERARCHY = SOFT for my_core/\gen_adders[8].add_inst . (constraint file  auto generated constraint).
Applied set_property KEEP_HIERARCHY = SOFT for my_core/\gen_adders[9].add_inst . (constraint file  auto generated constraint).
Applied set_property KEEP_HIERARCHY = SOFT for my_core/\gen_exps[0].exp . (constraint file  auto generated constraint).
Applied set_property KEEP_HIERARCHY = SOFT for my_core/\gen_exps[1].exp . (constraint file  auto generated constraint).
Applied set_property KEEP_HIERARCHY = SOFT for my_core/\gen_comps[0].greater . (constraint file  auto generated constraint).
Applied set_property KEEP_HIERARCHY = SOFT for my_core/\gen_comps[1].greater . (constraint file  auto generated constraint).
Applied set_property KEEP_HIERARCHY = SOFT for my_core/\gen_comps[2].greater . (constraint file  auto generated constraint).
Applied set_property KEEP_HIERARCHY = SOFT for my_core/\gen_comps[3].greater . (constraint file  auto generated constraint).
Applied set_property KEEP_HIERARCHY = SOFT for my_core/\gen_comps[4].greater . (constraint file  auto generated constraint).
Applied set_property KEEP_HIERARCHY = SOFT for my_core/\gen_comps[5].greater . (constraint file  auto generated constraint).
Applied set_property KEEP_HIERARCHY = SOFT for my_core/\gen_comps[6].greater . (constraint file  auto generated constraint).
Applied set_property KEEP_HIERARCHY = SOFT for my_core/\gen_comps[7].greater . (constraint file  auto generated constraint).
Applied set_property KEEP_HIERARCHY = SOFT for my_core/\gen_muls[0].mul . (constraint file  auto generated constraint).
Applied set_property KEEP_HIERARCHY = SOFT for my_core/\gen_muls[10].mul . (constraint file  auto generated constraint).
Applied set_property KEEP_HIERARCHY = SOFT for my_core/\gen_muls[11].mul . (constraint file  auto generated constraint).
Applied set_property KEEP_HIERARCHY = SOFT for my_core/\gen_muls[12].mul . (constraint file  auto generated constraint).
Applied set_property KEEP_HIERARCHY = SOFT for my_core/\gen_muls[13].mul . (constraint file  auto generated constraint).
Applied set_property KEEP_HIERARCHY = SOFT for my_core/\gen_muls[14].mul . (constraint file  auto generated constraint).
Applied set_property KEEP_HIERARCHY = SOFT for my_core/\gen_muls[15].mul . (constraint file  auto generated constraint).
Applied set_property KEEP_HIERARCHY = SOFT for my_core/\gen_muls[16].mul . (constraint file  auto generated constraint).
Applied set_property KEEP_HIERARCHY = SOFT for my_core/\gen_muls[17].mul . (constraint file  auto generated constraint).
Applied set_property KEEP_HIERARCHY = SOFT for my_core/\gen_muls[1].mul . (constraint file  auto generated constraint).
Applied set_property KEEP_HIERARCHY = SOFT for my_core/\gen_muls[2].mul . (constraint file  auto generated constraint).
Applied set_property KEEP_HIERARCHY = SOFT for my_core/\gen_muls[3].mul . (constraint file  auto generated constraint).
Applied set_property KEEP_HIERARCHY = SOFT for my_core/\gen_muls[4].mul . (constraint file  auto generated constraint).
Applied set_property KEEP_HIERARCHY = SOFT for my_core/\gen_muls[5].mul . (constraint file  auto generated constraint).
Applied set_property KEEP_HIERARCHY = SOFT for my_core/\gen_muls[6].mul . (constraint file  auto generated constraint).
Applied set_property KEEP_HIERARCHY = SOFT for my_core/\gen_muls[7].mul . (constraint file  auto generated constraint).
Applied set_property KEEP_HIERARCHY = SOFT for my_core/\gen_muls[8].mul . (constraint file  auto generated constraint).
Applied set_property KEEP_HIERARCHY = SOFT for my_core/\gen_muls[9].mul . (constraint file  auto generated constraint).
Applied set_property KEEP_HIERARCHY = SOFT for my_core/O_tilde. (constraint file  auto generated constraint).
Applied set_property KEEP_HIERARCHY = SOFT for my_core/BRAMk. (constraint file  auto generated constraint).
Applied set_property KEEP_HIERARCHY = SOFT for my_core/BRAMo. (constraint file  auto generated constraint).
Applied set_property KEEP_HIERARCHY = SOFT for my_core/BRAMq. (constraint file  auto generated constraint).
Applied set_property KEEP_HIERARCHY = SOFT for my_core/BRAMv. (constraint file  auto generated constraint).
---------------------------------------------------------------------------------
Finished applying 'set_property' XDC Constraints : Time (s): cpu = 00:00:16 ; elapsed = 00:00:16 . Memory (MB): peak = 3001.000 ; gain = 532.195 ; free physical = 13624 ; free virtual = 48705
---------------------------------------------------------------------------------
WARNING: [Synth 8-327] inferring latch for variable 'Qdina_reg' [/home/sk/Desktop/EcoAttention/EcoAttention/EcoAttention.srcs/sources_1/new/top.sv:143]
WARNING: [Synth 8-327] inferring latch for variable 'Kdina_reg' [/home/sk/Desktop/EcoAttention/EcoAttention/EcoAttention.srcs/sources_1/new/top.sv:155]
WARNING: [Synth 8-327] inferring latch for variable 'Vdina_reg' [/home/sk/Desktop/EcoAttention/EcoAttention/EcoAttention.srcs/sources_1/new/top.sv:167]
WARNING: [Synth 8-327] inferring latch for variable 'O_wea_reg' [/home/sk/Desktop/EcoAttention/EcoAttention/EcoAttention.srcs/sources_1/new/top.sv:180]
---------------------------------------------------------------------------------
Finished RTL Optimization Phase 2 : Time (s): cpu = 00:00:18 ; elapsed = 00:00:18 . Memory (MB): peak = 3001.000 ; gain = 532.195 ; free physical = 13624 ; free virtual = 48707
---------------------------------------------------------------------------------
---------------------------------------------------------------------------------
Start RTL Component Statistics 
---------------------------------------------------------------------------------
Detailed RTL Component Info : 
+---Adders : 
	   2 Input   32 Bit       Adders := 3     
	   2 Input    9 Bit       Adders := 1     
	   2 Input    8 Bit       Adders := 1     
	   2 Input    7 Bit       Adders := 2     
	   2 Input    6 Bit       Adders := 1     
	   2 Input    5 Bit       Adders := 14    
	   2 Input    4 Bit       Adders := 3     
	   2 Input    3 Bit       Adders := 2     
	   2 Input    2 Bit       Adders := 4     
+---XORs : 
	   2 Input     32 Bit         XORs := 10    
+---Registers : 
	               32 Bit    Registers := 101   
	                9 Bit    Registers := 1     
	                8 Bit    Registers := 1     
	                7 Bit    Registers := 2     
	                6 Bit    Registers := 1     
	                4 Bit    Registers := 3     
	                3 Bit    Registers := 3     
	                2 Bit    Registers := 5     
	                1 Bit    Registers := 7     
+---Muxes : 
	   2 Input  512 Bit        Muxes := 3     
	   2 Input  128 Bit        Muxes := 2     
	   4 Input   32 Bit        Muxes := 14    
	   2 Input   32 Bit        Muxes := 35    
	   5 Input   32 Bit        Muxes := 1     
	   8 Input   32 Bit        Muxes := 1     
	   2 Input    7 Bit        Muxes := 2     
	   5 Input    6 Bit        Muxes := 1     
	   2 Input    6 Bit        Muxes := 1     
	   6 Input    6 Bit        Muxes := 1     
	   2 Input    4 Bit        Muxes := 3     
	   2 Input    3 Bit        Muxes := 11    
	   5 Input    3 Bit        Muxes := 2     
	   6 Input    3 Bit        Muxes := 1     
	   8 Input    3 Bit        Muxes := 1     
	   2 Input    2 Bit        Muxes := 10    
	   4 Input    2 Bit        Muxes := 1     
	   2 Input    1 Bit        Muxes := 127   
	   5 Input    1 Bit        Muxes := 6     
	   4 Input    1 Bit        Muxes := 5     
	   6 Input    1 Bit        Muxes := 4     
---------------------------------------------------------------------------------
Finished RTL Component Statistics 
---------------------------------------------------------------------------------
---------------------------------------------------------------------------------
Start Part Resource Summary
---------------------------------------------------------------------------------
Part Resources:
DSPs: 1728 (col length:144)
BRAMs: 624 (col length: RAMB18 144 RAMB36 72)
---------------------------------------------------------------------------------
Finished Part Resource Summary
---------------------------------------------------------------------------------
---------------------------------------------------------------------------------
Start Cross Boundary and Area Optimization
---------------------------------------------------------------------------------
WARNING: [Synth 8-3917] design axis_wrapper has port s_axis_ready driven by constant 1
WARNING: [Synth 8-7129] Port m_axis_valid in module axis_wrapper is either unconnected or has no load
WARNING: [Synth 8-7129] Port m_axis_data[31] in module axis_wrapper is either unconnected or has no load
WARNING: [Synth 8-7129] Port m_axis_data[30] in module axis_wrapper is either unconnected or has no load
WARNING: [Synth 8-7129] Port m_axis_data[29] in module axis_wrapper is either unconnected or has no load
WARNING: [Synth 8-7129] Port m_axis_data[28] in module axis_wrapper is either unconnected or has no load
WARNING: [Synth 8-7129] Port m_axis_data[27] in module axis_wrapper is either unconnected or has no load
WARNING: [Synth 8-7129] Port m_axis_data[26] in module axis_wrapper is either unconnected or has no load
WARNING: [Synth 8-7129] Port m_axis_data[25] in module axis_wrapper is either unconnected or has no load
WARNING: [Synth 8-7129] Port m_axis_data[24] in module axis_wrapper is either unconnected or has no load
WARNING: [Synth 8-7129] Port m_axis_data[23] in module axis_wrapper is either unconnected or has no load
WARNING: [Synth 8-7129] Port m_axis_data[22] in module axis_wrapper is either unconnected or has no load
WARNING: [Synth 8-7129] Port m_axis_data[21] in module axis_wrapper is either unconnected or has no load
WARNING: [Synth 8-7129] Port m_axis_data[20] in module axis_wrapper is either unconnected or has no load
WARNING: [Synth 8-7129] Port m_axis_data[19] in module axis_wrapper is either unconnected or has no load
WARNING: [Synth 8-7129] Port m_axis_data[18] in module axis_wrapper is either unconnected or has no load
WARNING: [Synth 8-7129] Port m_axis_data[17] in module axis_wrapper is either unconnected or has no load
WARNING: [Synth 8-7129] Port m_axis_data[16] in module axis_wrapper is either unconnected or has no load
WARNING: [Synth 8-7129] Port m_axis_data[15] in module axis_wrapper is either unconnected or has no load
WARNING: [Synth 8-7129] Port m_axis_data[14] in module axis_wrapper is either unconnected or has no load
WARNING: [Synth 8-7129] Port m_axis_data[13] in module axis_wrapper is either unconnected or has no load
WARNING: [Synth 8-7129] Port m_axis_data[12] in module axis_wrapper is either unconnected or has no load
WARNING: [Synth 8-7129] Port m_axis_data[11] in module axis_wrapper is either unconnected or has no load
WARNING: [Synth 8-7129] Port m_axis_data[10] in module axis_wrapper is either unconnected or has no load
WARNING: [Synth 8-7129] Port m_axis_data[9] in module axis_wrapper is either unconnected or has no load
WARNING: [Synth 8-7129] Port m_axis_data[8] in module axis_wrapper is either unconnected or has no load
WARNING: [Synth 8-7129] Port m_axis_data[7] in module axis_wrapper is either unconnected or has no load
WARNING: [Synth 8-7129] Port m_axis_data[6] in module axis_wrapper is either unconnected or has no load
WARNING: [Synth 8-7129] Port m_axis_data[5] in module axis_wrapper is either unconnected or has no load
WARNING: [Synth 8-7129] Port m_axis_data[4] in module axis_wrapper is either unconnected or has no load
WARNING: [Synth 8-7129] Port m_axis_data[3] in module axis_wrapper is either unconnected or has no load
WARNING: [Synth 8-7129] Port m_axis_data[2] in module axis_wrapper is either unconnected or has no load
WARNING: [Synth 8-7129] Port m_axis_data[1] in module axis_wrapper is either unconnected or has no load
WARNING: [Synth 8-7129] Port m_axis_data[0] in module axis_wrapper is either unconnected or has no load
WARNING: [Synth 8-7129] Port m_axis_tlast in module axis_wrapper is either unconnected or has no load
WARNING: [Synth 8-7129] Port s_axis_valid in module axis_wrapper is either unconnected or has no load
WARNING: [Synth 8-7129] Port s_axis_tlast in module axis_wrapper is either unconnected or has no load
WARNING: [Synth 8-7129] Port m_axis_ready in module axis_wrapper is either unconnected or has no load
INFO: [Synth 8-3886] merging instance 'O_addra_reg[0]' (FDRE) to 'done_reg'
INFO: [Synth 8-3886] merging instance 'O_addra_reg[1]' (FDRE) to 'done_reg'
INFO: [Synth 8-3333] propagating constant 1 across sequential element (maxGreatVal_reg)
INFO: [Synth 8-3333] propagating constant 0 across sequential element (done_reg)
INFO: [Synth 8-3333] propagating constant 0 across sequential element (O_wea_reg)
INFO: [Synth 8-3333] propagating constant 1 across sequential element (\Vaddrb_reg[0] )
INFO: [Synth 8-3333] propagating constant 0 across sequential element (vaddra0_inferred/\vaddra_reg[0] )
INFO: [Synth 8-3333] propagating constant 0 across sequential element (addaAddr0_inferred/\diffQaddrb_reg[0] )
INFO: [Synth 8-3333] propagating constant 0 across sequential element (addaAddr0_inferred/\diffQaddrb_reg[1] )
INFO: [Synth 8-3333] propagating constant 0 across sequential element (addaAddr0_inferred/\diffQaddrb_reg[2] )
INFO: [Synth 8-3333] propagating constant 0 across sequential element (addaAddr0_inferred/\diffQaddrb_reg[3] )
INFO: [Synth 8-3333] propagating constant 0 across sequential element (addbAddr0_inferred/\addbAddr_reg[0] )
INFO: [Synth 8-3333] propagating constant 0 across sequential element (addbAddr0_inferred/\addbAddr_reg[1] )
INFO: [Synth 8-3333] propagating constant 0 across sequential element (addbAddr0_inferred/\addbAddr_reg[2] )
---------------------------------------------------------------------------------
Finished Cross Boundary and Area Optimization : Time (s): cpu = 00:00:28 ; elapsed = 00:00:58 . Memory (MB): peak = 3001.000 ; gain = 532.195 ; free physical = 5594 ; free virtual = 40739
---------------------------------------------------------------------------------
---------------------------------------------------------------------------------
Start Applying XDC Timing Constraints
---------------------------------------------------------------------------------
---------------------------------------------------------------------------------
Finished Applying XDC Timing Constraints : Time (s): cpu = 00:00:37 ; elapsed = 00:01:07 . Memory (MB): peak = 3444.199 ; gain = 975.395 ; free physical = 5228 ; free virtual = 40375
---------------------------------------------------------------------------------
---------------------------------------------------------------------------------
Start Timing Optimization
---------------------------------------------------------------------------------
---------------------------------------------------------------------------------
Finished Timing Optimization : Time (s): cpu = 00:00:38 ; elapsed = 00:01:07 . Memory (MB): peak = 3455.199 ; gain = 986.395 ; free physical = 5226 ; free virtual = 40374
---------------------------------------------------------------------------------
---------------------------------------------------------------------------------
Start Technology Mapping
---------------------------------------------------------------------------------
WARNING: [Synth 8-7080] Parallel synthesis criteria is not met
---------------------------------------------------------------------------------
Finished Technology Mapping : Time (s): cpu = 00:00:40 ; elapsed = 00:01:09 . Memory (MB): peak = 3484.254 ; gain = 1015.449 ; free physical = 5200 ; free virtual = 40349
---------------------------------------------------------------------------------
---------------------------------------------------------------------------------
Start IO Insertion
---------------------------------------------------------------------------------
---------------------------------------------------------------------------------
Start Flattening Before IO Insertion
---------------------------------------------------------------------------------
---------------------------------------------------------------------------------
Finished Flattening Before IO Insertion
---------------------------------------------------------------------------------
---------------------------------------------------------------------------------
Start Final Netlist Cleanup
---------------------------------------------------------------------------------
---------------------------------------------------------------------------------
Finished Final Netlist Cleanup
---------------------------------------------------------------------------------
CRITICAL WARNING: [Synth 8-4442] BlackBox module \my_core/gen_comps[1].greater  has unconnected pin s_axis_a_tdata[31]
CRITICAL WARNING: [Synth 8-4442] BlackBox module \my_core/gen_comps[1].greater  has unconnected pin s_axis_a_tdata[30]
CRITICAL WARNING: [Synth 8-4442] BlackBox module \my_core/gen_comps[1].greater  has unconnected pin s_axis_a_tdata[29]
CRITICAL WARNING: [Synth 8-4442] BlackBox module \my_core/gen_comps[1].greater  has unconnected pin s_axis_a_tdata[28]
CRITICAL WARNING: [Synth 8-4442] BlackBox module \my_core/gen_comps[1].greater  has unconnected pin s_axis_a_tdata[27]
CRITICAL WARNING: [Synth 8-4442] BlackBox module \my_core/gen_comps[1].greater  has unconnected pin s_axis_a_tdata[26]
CRITICAL WARNING: [Synth 8-4442] BlackBox module \my_core/gen_comps[1].greater  has unconnected pin s_axis_a_tdata[25]
CRITICAL WARNING: [Synth 8-4442] BlackBox module \my_core/gen_comps[1].greater  has unconnected pin s_axis_a_tdata[24]
CRITICAL WARNING: [Synth 8-4442] BlackBox module \my_core/gen_comps[1].greater  has unconnected pin s_axis_a_tdata[23]
CRITICAL WARNING: [Synth 8-4442] BlackBox module \my_core/gen_comps[1].greater  has unconnected pin s_axis_a_tdata[22]
CRITICAL WARNING: [Synth 8-4442] BlackBox module \my_core/gen_comps[1].greater  has unconnected pin s_axis_a_tdata[21]
CRITICAL WARNING: [Synth 8-4442] BlackBox module \my_core/gen_comps[1].greater  has unconnected pin s_axis_a_tdata[20]
CRITICAL WARNING: [Synth 8-4442] BlackBox module \my_core/gen_comps[1].greater  has unconnected pin s_axis_a_tdata[19]
CRITICAL WARNING: [Synth 8-4442] BlackBox module \my_core/gen_comps[1].greater  has unconnected pin s_axis_a_tdata[18]
CRITICAL WARNING: [Synth 8-4442] BlackBox module \my_core/gen_comps[1].greater  has unconnected pin s_axis_a_tdata[17]
CRITICAL WARNING: [Synth 8-4442] BlackBox module \my_core/gen_comps[1].greater  has unconnected pin s_axis_a_tdata[16]
CRITICAL WARNING: [Synth 8-4442] BlackBox module \my_core/gen_comps[1].greater  has unconnected pin s_axis_a_tdata[15]
CRITICAL WARNING: [Synth 8-4442] BlackBox module \my_core/gen_comps[1].greater  has unconnected pin s_axis_a_tdata[14]
CRITICAL WARNING: [Synth 8-4442] BlackBox module \my_core/gen_comps[1].greater  has unconnected pin s_axis_a_tdata[13]
CRITICAL WARNING: [Synth 8-4442] BlackBox module \my_core/gen_comps[1].greater  has unconnected pin s_axis_a_tdata[12]
CRITICAL WARNING: [Synth 8-4442] BlackBox module \my_core/gen_comps[1].greater  has unconnected pin s_axis_a_tdata[11]
CRITICAL WARNING: [Synth 8-4442] BlackBox module \my_core/gen_comps[1].greater  has unconnected pin s_axis_a_tdata[10]
CRITICAL WARNING: [Synth 8-4442] BlackBox module \my_core/gen_comps[1].greater  has unconnected pin s_axis_a_tdata[9]
CRITICAL WARNING: [Synth 8-4442] BlackBox module \my_core/gen_comps[1].greater  has unconnected pin s_axis_a_tdata[8]
CRITICAL WARNING: [Synth 8-4442] BlackBox module \my_core/gen_comps[1].greater  has unconnected pin s_axis_a_tdata[7]
CRITICAL WARNING: [Synth 8-4442] BlackBox module \my_core/gen_comps[1].greater  has unconnected pin s_axis_a_tdata[6]
CRITICAL WARNING: [Synth 8-4442] BlackBox module \my_core/gen_comps[1].greater  has unconnected pin s_axis_a_tdata[5]
CRITICAL WARNING: [Synth 8-4442] BlackBox module \my_core/gen_comps[1].greater  has unconnected pin s_axis_a_tdata[4]
CRITICAL WARNING: [Synth 8-4442] BlackBox module \my_core/gen_comps[1].greater  has unconnected pin s_axis_a_tdata[3]
CRITICAL WARNING: [Synth 8-4442] BlackBox module \my_core/gen_comps[1].greater  has unconnected pin s_axis_a_tdata[2]
CRITICAL WARNING: [Synth 8-4442] BlackBox module \my_core/gen_comps[1].greater  has unconnected pin s_axis_a_tdata[1]
CRITICAL WARNING: [Synth 8-4442] BlackBox module \my_core/gen_comps[1].greater  has unconnected pin s_axis_a_tdata[0]
CRITICAL WARNING: [Synth 8-4442] BlackBox module \my_core/gen_comps[1].greater  has unconnected pin s_axis_b_tdata[31]
CRITICAL WARNING: [Synth 8-4442] BlackBox module \my_core/gen_comps[1].greater  has unconnected pin s_axis_b_tdata[30]
CRITICAL WARNING: [Synth 8-4442] BlackBox module \my_core/gen_comps[1].greater  has unconnected pin s_axis_b_tdata[29]
CRITICAL WARNING: [Synth 8-4442] BlackBox module \my_core/gen_comps[1].greater  has unconnected pin s_axis_b_tdata[28]
CRITICAL WARNING: [Synth 8-4442] BlackBox module \my_core/gen_comps[1].greater  has unconnected pin s_axis_b_tdata[27]
CRITICAL WARNING: [Synth 8-4442] BlackBox module \my_core/gen_comps[1].greater  has unconnected pin s_axis_b_tdata[26]
CRITICAL WARNING: [Synth 8-4442] BlackBox module \my_core/gen_comps[1].greater  has unconnected pin s_axis_b_tdata[25]
CRITICAL WARNING: [Synth 8-4442] BlackBox module \my_core/gen_comps[1].greater  has unconnected pin s_axis_b_tdata[24]
CRITICAL WARNING: [Synth 8-4442] BlackBox module \my_core/gen_comps[1].greater  has unconnected pin s_axis_b_tdata[23]
CRITICAL WARNING: [Synth 8-4442] BlackBox module \my_core/gen_comps[1].greater  has unconnected pin s_axis_b_tdata[22]
CRITICAL WARNING: [Synth 8-4442] BlackBox module \my_core/gen_comps[1].greater  has unconnected pin s_axis_b_tdata[21]
CRITICAL WARNING: [Synth 8-4442] BlackBox module \my_core/gen_comps[1].greater  has unconnected pin s_axis_b_tdata[20]
CRITICAL WARNING: [Synth 8-4442] BlackBox module \my_core/gen_comps[1].greater  has unconnected pin s_axis_b_tdata[19]
CRITICAL WARNING: [Synth 8-4442] BlackBox module \my_core/gen_comps[1].greater  has unconnected pin s_axis_b_tdata[18]
CRITICAL WARNING: [Synth 8-4442] BlackBox module \my_core/gen_comps[1].greater  has unconnected pin s_axis_b_tdata[17]
CRITICAL WARNING: [Synth 8-4442] BlackBox module \my_core/gen_comps[1].greater  has unconnected pin s_axis_b_tdata[16]
CRITICAL WARNING: [Synth 8-4442] BlackBox module \my_core/gen_comps[1].greater  has unconnected pin s_axis_b_tdata[15]
CRITICAL WARNING: [Synth 8-4442] BlackBox module \my_core/gen_comps[1].greater  has unconnected pin s_axis_b_tdata[14]
CRITICAL WARNING: [Synth 8-4442] BlackBox module \my_core/gen_comps[1].greater  has unconnected pin s_axis_b_tdata[13]
CRITICAL WARNING: [Synth 8-4442] BlackBox module \my_core/gen_comps[1].greater  has unconnected pin s_axis_b_tdata[12]
CRITICAL WARNING: [Synth 8-4442] BlackBox module \my_core/gen_comps[1].greater  has unconnected pin s_axis_b_tdata[11]
CRITICAL WARNING: [Synth 8-4442] BlackBox module \my_core/gen_comps[1].greater  has unconnected pin s_axis_b_tdata[10]
CRITICAL WARNING: [Synth 8-4442] BlackBox module \my_core/gen_comps[1].greater  has unconnected pin s_axis_b_tdata[9]
CRITICAL WARNING: [Synth 8-4442] BlackBox module \my_core/gen_comps[1].greater  has unconnected pin s_axis_b_tdata[8]
CRITICAL WARNING: [Synth 8-4442] BlackBox module \my_core/gen_comps[1].greater  has unconnected pin s_axis_b_tdata[7]
CRITICAL WARNING: [Synth 8-4442] BlackBox module \my_core/gen_comps[1].greater  has unconnected pin s_axis_b_tdata[6]
CRITICAL WARNING: [Synth 8-4442] BlackBox module \my_core/gen_comps[1].greater  has unconnected pin s_axis_b_tdata[5]
CRITICAL WARNING: [Synth 8-4442] BlackBox module \my_core/gen_comps[1].greater  has unconnected pin s_axis_b_tdata[4]
CRITICAL WARNING: [Synth 8-4442] BlackBox module \my_core/gen_comps[1].greater  has unconnected pin s_axis_b_tdata[3]
CRITICAL WARNING: [Synth 8-4442] BlackBox module \my_core/gen_comps[1].greater  has unconnected pin s_axis_b_tdata[2]
CRITICAL WARNING: [Synth 8-4442] BlackBox module \my_core/gen_comps[1].greater  has unconnected pin s_axis_b_tdata[1]
CRITICAL WARNING: [Synth 8-4442] BlackBox module \my_core/gen_comps[1].greater  has unconnected pin s_axis_b_tdata[0]
CRITICAL WARNING: [Synth 8-4442] BlackBox module \my_core/gen_comps[2].greater  has unconnected pin s_axis_a_tdata[31]
CRITICAL WARNING: [Synth 8-4442] BlackBox module \my_core/gen_comps[2].greater  has unconnected pin s_axis_a_tdata[30]
CRITICAL WARNING: [Synth 8-4442] BlackBox module \my_core/gen_comps[2].greater  has unconnected pin s_axis_a_tdata[29]
CRITICAL WARNING: [Synth 8-4442] BlackBox module \my_core/gen_comps[2].greater  has unconnected pin s_axis_a_tdata[28]
CRITICAL WARNING: [Synth 8-4442] BlackBox module \my_core/gen_comps[2].greater  has unconnected pin s_axis_a_tdata[27]
CRITICAL WARNING: [Synth 8-4442] BlackBox module \my_core/gen_comps[2].greater  has unconnected pin s_axis_a_tdata[26]
CRITICAL WARNING: [Synth 8-4442] BlackBox module \my_core/gen_comps[2].greater  has unconnected pin s_axis_a_tdata[25]
CRITICAL WARNING: [Synth 8-4442] BlackBox module \my_core/gen_comps[2].greater  has unconnected pin s_axis_a_tdata[24]
CRITICAL WARNING: [Synth 8-4442] BlackBox module \my_core/gen_comps[2].greater  has unconnected pin s_axis_a_tdata[23]
CRITICAL WARNING: [Synth 8-4442] BlackBox module \my_core/gen_comps[2].greater  has unconnected pin s_axis_a_tdata[22]
CRITICAL WARNING: [Synth 8-4442] BlackBox module \my_core/gen_comps[2].greater  has unconnected pin s_axis_a_tdata[21]
CRITICAL WARNING: [Synth 8-4442] BlackBox module \my_core/gen_comps[2].greater  has unconnected pin s_axis_a_tdata[20]
CRITICAL WARNING: [Synth 8-4442] BlackBox module \my_core/gen_comps[2].greater  has unconnected pin s_axis_a_tdata[19]
CRITICAL WARNING: [Synth 8-4442] BlackBox module \my_core/gen_comps[2].greater  has unconnected pin s_axis_a_tdata[18]
CRITICAL WARNING: [Synth 8-4442] BlackBox module \my_core/gen_comps[2].greater  has unconnected pin s_axis_a_tdata[17]
CRITICAL WARNING: [Synth 8-4442] BlackBox module \my_core/gen_comps[2].greater  has unconnected pin s_axis_a_tdata[16]
CRITICAL WARNING: [Synth 8-4442] BlackBox module \my_core/gen_comps[2].greater  has unconnected pin s_axis_a_tdata[15]
CRITICAL WARNING: [Synth 8-4442] BlackBox module \my_core/gen_comps[2].greater  has unconnected pin s_axis_a_tdata[14]
CRITICAL WARNING: [Synth 8-4442] BlackBox module \my_core/gen_comps[2].greater  has unconnected pin s_axis_a_tdata[13]
CRITICAL WARNING: [Synth 8-4442] BlackBox module \my_core/gen_comps[2].greater  has unconnected pin s_axis_a_tdata[12]
CRITICAL WARNING: [Synth 8-4442] BlackBox module \my_core/gen_comps[2].greater  has unconnected pin s_axis_a_tdata[11]
CRITICAL WARNING: [Synth 8-4442] BlackBox module \my_core/gen_comps[2].greater  has unconnected pin s_axis_a_tdata[10]
CRITICAL WARNING: [Synth 8-4442] BlackBox module \my_core/gen_comps[2].greater  has unconnected pin s_axis_a_tdata[9]
CRITICAL WARNING: [Synth 8-4442] BlackBox module \my_core/gen_comps[2].greater  has unconnected pin s_axis_a_tdata[8]
CRITICAL WARNING: [Synth 8-4442] BlackBox module \my_core/gen_comps[2].greater  has unconnected pin s_axis_a_tdata[7]
CRITICAL WARNING: [Synth 8-4442] BlackBox module \my_core/gen_comps[2].greater  has unconnected pin s_axis_a_tdata[6]
CRITICAL WARNING: [Synth 8-4442] BlackBox module \my_core/gen_comps[2].greater  has unconnected pin s_axis_a_tdata[5]
CRITICAL WARNING: [Synth 8-4442] BlackBox module \my_core/gen_comps[2].greater  has unconnected pin s_axis_a_tdata[4]
CRITICAL WARNING: [Synth 8-4442] BlackBox module \my_core/gen_comps[2].greater  has unconnected pin s_axis_a_tdata[3]
CRITICAL WARNING: [Synth 8-4442] BlackBox module \my_core/gen_comps[2].greater  has unconnected pin s_axis_a_tdata[2]
CRITICAL WARNING: [Synth 8-4442] BlackBox module \my_core/gen_comps[2].greater  has unconnected pin s_axis_a_tdata[1]
CRITICAL WARNING: [Synth 8-4442] BlackBox module \my_core/gen_comps[2].greater  has unconnected pin s_axis_a_tdata[0]
CRITICAL WARNING: [Synth 8-4442] BlackBox module \my_core/gen_comps[2].greater  has unconnected pin s_axis_b_tdata[31]
CRITICAL WARNING: [Synth 8-4442] BlackBox module \my_core/gen_comps[2].greater  has unconnected pin s_axis_b_tdata[30]
CRITICAL WARNING: [Synth 8-4442] BlackBox module \my_core/gen_comps[2].greater  has unconnected pin s_axis_b_tdata[29]
CRITICAL WARNING: [Synth 8-4442] BlackBox module \my_core/gen_comps[2].greater  has unconnected pin s_axis_b_tdata[28]
INFO: [Common 17-14] Message 'Synth 8-4442' appears 100 times and further instances of the messages will be disabled. Use the Tcl command set_msg_config to change the current settings.
---------------------------------------------------------------------------------
Finished IO Insertion : Time (s): cpu = 00:00:43 ; elapsed = 00:01:13 . Memory (MB): peak = 3487.223 ; gain = 1018.418 ; free physical = 5219 ; free virtual = 40368
---------------------------------------------------------------------------------
---------------------------------------------------------------------------------
Start Renaming Generated Instances
---------------------------------------------------------------------------------
---------------------------------------------------------------------------------
Finished Renaming Generated Instances : Time (s): cpu = 00:00:43 ; elapsed = 00:01:13 . Memory (MB): peak = 3487.223 ; gain = 1018.418 ; free physical = 5220 ; free virtual = 40369
---------------------------------------------------------------------------------
---------------------------------------------------------------------------------
Start Rebuilding User Hierarchy
---------------------------------------------------------------------------------
---------------------------------------------------------------------------------
Finished Rebuilding User Hierarchy : Time (s): cpu = 00:00:44 ; elapsed = 00:01:13 . Memory (MB): peak = 3487.223 ; gain = 1018.418 ; free physical = 5221 ; free virtual = 40370
---------------------------------------------------------------------------------
---------------------------------------------------------------------------------
Start Renaming Generated Ports
---------------------------------------------------------------------------------
---------------------------------------------------------------------------------
Finished Renaming Generated Ports : Time (s): cpu = 00:00:44 ; elapsed = 00:01:14 . Memory (MB): peak = 3487.223 ; gain = 1018.418 ; free physical = 5221 ; free virtual = 40370
---------------------------------------------------------------------------------
---------------------------------------------------------------------------------
Start Handling Custom Attributes
---------------------------------------------------------------------------------
---------------------------------------------------------------------------------
Finished Handling Custom Attributes : Time (s): cpu = 00:00:44 ; elapsed = 00:01:14 . Memory (MB): peak = 3487.223 ; gain = 1018.418 ; free physical = 5221 ; free virtual = 40370
---------------------------------------------------------------------------------
---------------------------------------------------------------------------------
Start Renaming Generated Nets
---------------------------------------------------------------------------------
---------------------------------------------------------------------------------
Finished Renaming Generated Nets : Time (s): cpu = 00:00:44 ; elapsed = 00:01:14 . Memory (MB): peak = 3487.223 ; gain = 1018.418 ; free physical = 5221 ; free virtual = 40370
---------------------------------------------------------------------------------
---------------------------------------------------------------------------------
Start Writing Synthesis Report
---------------------------------------------------------------------------------

Report BlackBoxes: 
+------+--------------+----------+
|      |BlackBox name |Instances |
+------+--------------+----------+
|1     |ADDER         |        30|
|2     |GREATERthan   |         8|
|3     |MUL           |        18|
|4     |CACHE         |         1|
|5     |V             |         1|
|6     |EXP           |         2|
|7     |Q             |         1|
|8     |K             |         1|
|9     |O             |         1|
+------+--------------+----------+

Report Cell Usage: 
+------+------------+------+
|      |Cell        |Count |
+------+------------+------+
|1     |ADDER       |    30|
|31    |CACHE       |     1|
|32    |EXP         |     2|
|34    |GREATERthan |     8|
|42    |K           |     1|
|43    |MUL         |    18|
|61    |O           |     1|
|62    |Q           |     1|
|63    |V           |     1|
|64    |BUFG        |    12|
|65    |LUT1        |    28|
|66    |LUT2        |   112|
|67    |LUT3        |   422|
|68    |LUT4        |   366|
|69    |LUT5        |   747|
|70    |LUT6        |  3598|
|71    |MUXF7       |   974|
|72    |MUXF8       |    64|
|73    |FDRE        |  3265|
|74    |FDSE        |    11|
|75    |LD          |  1152|
|76    |IBUF        |   130|
|77    |OBUF        |     1|
|78    |OBUFT       |    34|
+------+------------+------+
---------------------------------------------------------------------------------
Finished Writing Synthesis Report : Time (s): cpu = 00:00:44 ; elapsed = 00:01:14 . Memory (MB): peak = 3487.223 ; gain = 1018.418 ; free physical = 5221 ; free virtual = 40370
---------------------------------------------------------------------------------
Synthesis finished with 0 errors, 739 critical warnings and 43 warnings.
Synthesis Optimization Runtime : Time (s): cpu = 00:00:40 ; elapsed = 00:01:10 . Memory (MB): peak = 3491.133 ; gain = 883.848 ; free physical = 13391 ; free virtual = 48540
Synthesis Optimization Complete : Time (s): cpu = 00:00:46 ; elapsed = 00:01:15 . Memory (MB): peak = 3491.133 ; gain = 1022.328 ; free physical = 13391 ; free virtual = 48535
INFO: [Project 1-571] Translating synthesized netlist
Netlist sorting complete. Time (s): cpu = 00:00:00.07 ; elapsed = 00:00:00.07 . Memory (MB): peak = 3498.191 ; gain = 0.000 ; free physical = 13393 ; free virtual = 48538
INFO: [Netlist 29-17] Analyzing 2332 Unisim elements for replacement
INFO: [Netlist 29-28] Unisim Transformation completed in 0 CPU seconds
WARNING: [Netlist 29-101] Netlist 'axis_wrapper' is not ideal for floorplanning, since the cellview 'top' contains a large number of primitives.  Please consider enabling hierarchy in synthesis if you want to do floorplanning.
INFO: [Project 1-570] Preparing netlist for logic optimization
INFO: [Opt 31-138] Pushed 0 inverter(s) to 0 load pin(s).
Netlist sorting complete. Time (s): cpu = 00:00:00 ; elapsed = 00:00:00.01 . Memory (MB): peak = 3565.027 ; gain = 0.000 ; free physical = 13395 ; free virtual = 48539
INFO: [Project 1-111] Unisim Transformation Summary:
  A total of 1294 instances were transformed.
  BUFG => BUFGCE: 12 instances
  IBUF => IBUF (IBUFCTRL, INBUF): 130 instances
  LD => LDCE: 1152 instances

Synth Design complete | Checksum: e8789f89
INFO: [Common 17-83] Releasing license: Synthesis
64 Infos, 138 Warnings, 100 Critical Warnings and 0 Errors encountered.
synth_design completed successfully
synth_design: Time (s): cpu = 00:00:53 ; elapsed = 00:01:22 . Memory (MB): peak = 3565.062 ; gain = 2152.125 ; free physical = 13395 ; free virtual = 48539
INFO: [Common 17-2834] synth_design peak Physical Memory [PSS] (MB): overall = 10987.783; main = 2677.734; forked = 8418.135
INFO: [Common 17-2834] synth_design peak Virtual Memory [VSS] (MB): overall = 16021.152; main = 3565.031; forked = 12536.895
INFO: [runtcl-6] Synthesis results are not added to the cache due to CRITICAL_WARNING
Write ShapeDB Complete: Time (s): cpu = 00:00:00.04 ; elapsed = 00:00:00.01 . Memory (MB): peak = 3589.039 ; gain = 0.000 ; free physical = 13394 ; free virtual = 48539
INFO: [Common 17-1381] The checkpoint '/home/sk/Desktop/EcoAttention/EcoAttention/EcoAttention.runs/synth_1/axis_wrapper.dcp' has been generated.
INFO: [runtcl-4] Executing : report_utilization -file axis_wrapper_utilization_synth.rpt -pb axis_wrapper_utilization_synth.pb
INFO: [Common 17-206] Exiting Vivado at Sat Jan 10 17:37:19 2026...
