Copyright 1986-2022 Xilinx, Inc. All Rights Reserved. Copyright 2022-2023 Advanced Micro Devices, Inc. All Rights Reserved.
-------------------------------------------------------------------------------------------------------------------------------------------------
| Tool Version : Vivado v.2023.2 (lin64) Build 4029153 Fri Oct 13 20:13:54 MDT 2023
| Date         : Sat Jan 10 18:27:17 2026
| Host         : sk-Standard-PC-Q35-ICH9-2009 running 64-bit Ubuntu 22.04.5 LTS
| Command      : report_utilization -file ManhattanAttention_wrapper_utilization_placed.rpt -pb ManhattanAttention_wrapper_utilization_placed.pb
| Design       : ManhattanAttention_wrapper
| Device       : xczu7ev-ffvc1156-2-e
| Speed File   : -2
| Design State : Fully Placed
-------------------------------------------------------------------------------------------------------------------------------------------------

Utilization Design Information

Table of Contents
-----------------
1. CLB Logic
1.1 Summary of Registers by Type
2. CLB Logic Distribution
3. BLOCKRAM
4. ARITHMETIC
5. I/O
6. CLOCK
7. ADVANCED
8. CONFIGURATION
9. Primitives
10. Black Boxes
11. Instantiated Netlists

1. CLB Logic
------------

+----------------------------+------+-------+------------+-----------+-------+
|          Site Type         | Used | Fixed | Prohibited | Available | Util% |
+----------------------------+------+-------+------------+-----------+-------+
| CLB LUTs                   | 3871 |     0 |          0 |    230400 |  1.68 |
|   LUT as Logic             | 3239 |     0 |          0 |    230400 |  1.41 |
|   LUT as Memory            |  632 |     0 |          0 |    101760 |  0.62 |
|     LUT as Distributed RAM |  474 |     0 |            |           |       |
|     LUT as Shift Register  |  158 |     0 |            |           |       |
| CLB Registers              | 5484 |     0 |          0 |    460800 |  1.19 |
|   Register as Flip Flop    | 5484 |     0 |          0 |    460800 |  1.19 |
|   Register as Latch        |    0 |     0 |          0 |    460800 |  0.00 |
| CARRY8                     |   22 |     0 |          0 |     28800 |  0.08 |
| F7 Muxes                   |    2 |     0 |          0 |    115200 | <0.01 |
| F8 Muxes                   |    0 |     0 |          0 |     57600 |  0.00 |
| F9 Muxes                   |    0 |     0 |          0 |     28800 |  0.00 |
+----------------------------+------+-------+------------+-----------+-------+
* Warning! LUT value is adjusted to account for LUT combining.


1.1 Summary of Registers by Type
--------------------------------

+-------+--------------+-------------+--------------+
| Total | Clock Enable | Synchronous | Asynchronous |
+-------+--------------+-------------+--------------+
| 0     |            _ |           - |            - |
| 0     |            _ |           - |          Set |
| 0     |            _ |           - |        Reset |
| 0     |            _ |         Set |            - |
| 0     |            _ |       Reset |            - |
| 0     |          Yes |           - |            - |
| 33    |          Yes |           - |          Set |
| 114   |          Yes |           - |        Reset |
| 220   |          Yes |         Set |            - |
| 5117  |          Yes |       Reset |            - |
+-------+--------------+-------------+--------------+


2. CLB Logic Distribution
-------------------------

+--------------------------------------------+------+-------+------------+-----------+-------+
|                  Site Type                 | Used | Fixed | Prohibited | Available | Util% |
+--------------------------------------------+------+-------+------------+-----------+-------+
| CLB                                        |  905 |     0 |          0 |     28800 |  3.14 |
|   CLBL                                     |  438 |     0 |            |           |       |
|   CLBM                                     |  467 |     0 |            |           |       |
| LUT as Logic                               | 3239 |     0 |          0 |    230400 |  1.41 |
|   using O5 output only                     |  256 |       |            |           |       |
|   using O6 output only                     | 1965 |       |            |           |       |
|   using O5 and O6                          | 1018 |       |            |           |       |
| LUT as Memory                              |  632 |     0 |          0 |    101760 |  0.62 |
|   LUT as Distributed RAM                   |  474 |     0 |            |           |       |
|     using O5 output only                   |    0 |       |            |           |       |
|     using O6 output only                   |    6 |       |            |           |       |
|     using O5 and O6                        |  468 |       |            |           |       |
|   LUT as Shift Register                    |  158 |     0 |            |           |       |
|     using O5 output only                   |    0 |       |            |           |       |
|     using O6 output only                   |  108 |       |            |           |       |
|     using O5 and O6                        |   50 |       |            |           |       |
| CLB Registers                              | 5484 |     0 |          0 |    460800 |  1.19 |
|   Register driven from within the CLB      | 3157 |       |            |           |       |
|   Register driven from outside the CLB     | 2327 |       |            |           |       |
|     LUT in front of the register is unused | 1883 |       |            |           |       |
|     LUT in front of the register is used   |  444 |       |            |           |       |
| Unique Control Sets                        |  344 |       |          0 |     57600 |  0.60 |
+--------------------------------------------+------+-------+------------+-----------+-------+
* * Note: Available Control Sets calculated as Slices * 2, Review the Control Sets Report for more information regarding control sets.


3. BLOCKRAM
-----------

+-------------------+------+-------+------------+-----------+-------+
|     Site Type     | Used | Fixed | Prohibited | Available | Util% |
+-------------------+------+-------+------------+-----------+-------+
| Block RAM Tile    |  1.5 |     0 |          0 |       312 |  0.48 |
|   RAMB36/FIFO*    |    1 |     0 |          0 |       312 |  0.32 |
|     RAMB36E2 only |    1 |       |            |           |       |
|   RAMB18          |    1 |     0 |          0 |       624 |  0.16 |
|     RAMB18E2 only |    1 |       |            |           |       |
| URAM              |    0 |     0 |          0 |        96 |  0.00 |
+-------------------+------+-------+------------+-----------+-------+
* Note: Each Block RAM Tile only has one FIFO logic available and therefore can accommodate only one FIFO36E2 or one FIFO18E2. However, if a FIFO18E2 occupies a Block RAM Tile, that tile can still accommodate a RAMB18E2


4. ARITHMETIC
-------------

+-----------+------+-------+------------+-----------+-------+
| Site Type | Used | Fixed | Prohibited | Available | Util% |
+-----------+------+-------+------------+-----------+-------+
| DSPs      |    0 |     0 |          0 |      1728 |  0.00 |
+-----------+------+-------+------------+-----------+-------+


5. I/O
------

+------------------+------+-------+------------+-----------+-------+
|     Site Type    | Used | Fixed | Prohibited | Available | Util% |
+------------------+------+-------+------------+-----------+-------+
| Bonded IOB       |    0 |     0 |          0 |       360 |  0.00 |
| HPIOB_M          |    0 |     0 |          0 |       144 |  0.00 |
| HPIOB_S          |    0 |     0 |          0 |       144 |  0.00 |
| HDIOB_M          |    0 |     0 |          0 |        24 |  0.00 |
| HDIOB_S          |    0 |     0 |          0 |        24 |  0.00 |
| HPIOB_SNGL       |    0 |     0 |          0 |        24 |  0.00 |
| HPIOBDIFFINBUF   |    0 |     0 |          0 |       192 |  0.00 |
| HPIOBDIFFOUTBUF  |    0 |     0 |          0 |       192 |  0.00 |
| HDIOBDIFFINBUF   |    0 |     0 |          0 |        48 |  0.00 |
| BITSLICE_CONTROL |    0 |     0 |          0 |        64 |  0.00 |
| BITSLICE_RX_TX   |    0 |     0 |          0 |      2496 |  0.00 |
| BITSLICE_TX      |    0 |     0 |          0 |        64 |  0.00 |
| RIU_OR           |    0 |     0 |          0 |        32 |  0.00 |
+------------------+------+-------+------------+-----------+-------+


6. CLOCK
--------

+----------------------+------+-------+------------+-----------+-------+
|       Site Type      | Used | Fixed | Prohibited | Available | Util% |
+----------------------+------+-------+------------+-----------+-------+
| GLOBAL CLOCK BUFFERs |    1 |     0 |          0 |       544 |  0.18 |
|   BUFGCE             |    0 |     0 |          0 |       208 |  0.00 |
|   BUFGCE_DIV         |    0 |     0 |          0 |        32 |  0.00 |
|   BUFG_GT            |    0 |     0 |          0 |       144 |  0.00 |
|   BUFG_PS            |    1 |     0 |          0 |        96 |  1.04 |
|   BUFGCTRL*          |    0 |     0 |          0 |        64 |  0.00 |
| PLL                  |    0 |     0 |          0 |        16 |  0.00 |
| MMCM                 |    0 |     0 |          0 |         8 |  0.00 |
+----------------------+------+-------+------------+-----------+-------+
* Note: Each used BUFGCTRL counts as two GLOBAL CLOCK BUFFERs. This table does not include global clocking resources, only buffer cell usage. See the Clock Utilization Report (report_clock_utilization) for detailed accounting of global clocking resource availability.


7. ADVANCED
-----------

+-----------------+------+-------+------------+-----------+--------+
|    Site Type    | Used | Fixed | Prohibited | Available |  Util% |
+-----------------+------+-------+------------+-----------+--------+
| GTHE4_CHANNEL   |    0 |     0 |          0 |        20 |   0.00 |
| GTHE4_COMMON    |    0 |     0 |          0 |         5 |   0.00 |
| OBUFDS_GTE4     |    0 |     0 |          0 |        10 |   0.00 |
| OBUFDS_GTE4_ADV |    0 |     0 |          0 |        10 |   0.00 |
| PCIE40E4        |    0 |     0 |          0 |         2 |   0.00 |
| PS8             |    1 |     0 |          0 |         1 | 100.00 |
| SYSMONE4        |    0 |     0 |          0 |         1 |   0.00 |
| VCU             |    0 |     0 |          0 |         1 |   0.00 |
+-----------------+------+-------+------------+-----------+--------+


8. CONFIGURATION
----------------

+-------------+------+-------+------------+-----------+-------+
|  Site Type  | Used | Fixed | Prohibited | Available | Util% |
+-------------+------+-------+------------+-----------+-------+
| BSCANE2     |    0 |     0 |          0 |         4 |  0.00 |
| DNA_PORTE2  |    0 |     0 |          0 |         1 |  0.00 |
| EFUSE_USR   |    0 |     0 |          0 |         1 |  0.00 |
| FRAME_ECCE4 |    0 |     0 |          0 |         1 |  0.00 |
| ICAPE3      |    0 |     0 |          0 |         2 |  0.00 |
| MASTER_JTAG |    0 |     0 |          0 |         1 |  0.00 |
| STARTUPE3   |    0 |     0 |          0 |         1 |  0.00 |
+-------------+------+-------+------------+-----------+-------+


9. Primitives
-------------

+----------+------+---------------------+
| Ref Name | Used | Functional Category |
+----------+------+---------------------+
| FDRE     | 5117 |            Register |
| LUT3     | 1072 |                 CLB |
| LUT6     | 1059 |                 CLB |
| LUT5     |  846 |                 CLB |
| RAMD32   |  822 |                 CLB |
| LUT4     |  680 |                 CLB |
| LUT2     |  416 |                 CLB |
| FDSE     |  220 |            Register |
| LUT1     |  184 |                 CLB |
| SRL16E   |  175 |                 CLB |
| RAMS32   |  120 |                 CLB |
| FDCE     |  114 |            Register |
| SRLC32E  |   33 |                 CLB |
| FDPE     |   33 |            Register |
| CARRY8   |   22 |                 CLB |
| MUXF7    |    2 |                 CLB |
| RAMB36E2 |    1 |            BLOCKRAM |
| RAMB18E2 |    1 |            BLOCKRAM |
| PS8      |    1 |            Advanced |
| BUFG_PS  |    1 |               Clock |
+----------+------+---------------------+


10. Black Boxes
---------------

+----------+------+
| Ref Name | Used |
+----------+------+


11. Instantiated Netlists
-------------------------

+----------------------------------------+------+
|                Ref Name                | Used |
+----------------------------------------+------+
| ManhattanAttention_zynq_ultra_ps_e_0_0 |    1 |
| ManhattanAttention_rst_ps8_0_100M_0    |    1 |
| ManhattanAttention_axi_smc_0           |    1 |
| ManhattanAttention_axi_dma_0_0         |    1 |
| ManhattanAttention_auto_pc_0           |    1 |
| ManhattanAttention_auto_ds_0           |    1 |
+----------------------------------------+------+


