INFO: [VRFC 10-2263] Analyzing Verilog file "/home/sk/Desktop/EcoAttention/EcoAttention/EcoAttention.gen/sources_1/ip/MUL/sim/MUL.v" into library xil_defaultlib
INFO: [VRFC 10-311] analyzing module MUL
INFO: [VRFC 10-2263] Analyzing Verilog file "/home/sk/Desktop/EcoAttention/EcoAttention/EcoAttention.gen/sources_1/ip/GREATERthan/sim/GREATERthan.v" into library xil_defaultlib
INFO: [VRFC 10-311] analyzing module GREATERthan
INFO: [VRFC 10-2263] Analyzing Verilog file "/home/sk/Desktop/EcoAttention/EcoAttention/EcoAttention.gen/sources_1/ip/EXP/sim/EXP.v" into library xil_defaultlib
INFO: [VRFC 10-311] analyzing module EXP
INFO: [VRFC 10-2263] Analyzing Verilog file "/home/sk/Desktop/EcoAttention/EcoAttention/EcoAttention.gen/sources_1/ip/ADDER/sim/ADDER.v" into library xil_defaultlib
INFO: [VRFC 10-311] analyzing module ADDER
INFO: [VRFC 10-2263] Analyzing Verilog file "/home/sk/Desktop/EcoAttention/EcoAttention/EcoAttention.gen/sources_1/ip/O/sim/O.v" into library xil_defaultlib
INFO: [VRFC 10-311] analyzing module O
INFO: [VRFC 10-2263] Analyzing Verilog file "/home/sk/Desktop/EcoAttention/EcoAttention/EcoAttention.gen/sources_1/ip/CACHE/sim/CACHE.v" into library xil_defaultlib
INFO: [VRFC 10-311] analyzing module CACHE
INFO: [VRFC 10-2263] Analyzing Verilog file "/home/sk/Desktop/EcoAttention/EcoAttention/EcoAttention.gen/sources_1/ip/V/sim/V.v" into library xil_defaultlib
INFO: [VRFC 10-311] analyzing module V
INFO: [VRFC 10-2263] Analyzing Verilog file "/home/sk/Desktop/EcoAttention/EcoAttention/EcoAttention.gen/sources_1/ip/K/sim/K.v" into library xil_defaultlib
INFO: [VRFC 10-311] analyzing module K
INFO: [VRFC 10-2263] Analyzing Verilog file "/home/sk/Desktop/EcoAttention/EcoAttention/EcoAttention.gen/sources_1/ip/Q/sim/Q.v" into library xil_defaultlib
INFO: [VRFC 10-311] analyzing module Q
INFO: [VRFC 10-2263] Analyzing SystemVerilog file "/home/sk/Desktop/EcoAttention/EcoAttention/EcoAttention.srcs/sources_1/new/top.sv" into library xil_defaultlib
INFO: [VRFC 10-311] analyzing module top
INFO: [VRFC 10-2263] Analyzing SystemVerilog file "/home/sk/Desktop/EcoAttention/EcoAttention/EcoAttention.srcs/sim_1/new/top_tb.sv" into library xil_defaultlib
INFO: [VRFC 10-311] analyzing module tb_top
