
*** Running vivado
    with args -log ADDER.vds -m64 -product Vivado -mode batch -messageDb vivado.pb -notrace -source ADDER.tcl


****** Vivado v2023.2 (64-bit)
  **** SW Build 4029153 on Fri Oct 13 20:13:54 MDT 2023
  **** IP Build 4028589 on Sat Oct 14 00:45:43 MDT 2023
  **** SharedData Build 4025554 on Tue Oct 10 17:18:54 MDT 2023
    ** Copyright 1986-2022 Xilinx, Inc. All Rights Reserved.
    ** Copyright 2022-2023 Advanced Micro Devices, Inc. All Rights Reserved.

source ADDER.tcl -notrace
create_project: Time (s): cpu = 00:00:09 ; elapsed = 00:00:09 . Memory (MB): peak = 1362.617 ; gain = 30.836 ; free physical = 12546 ; free virtual = 47585
INFO: [IP_Flow 19-234] Refreshing IP repositories
INFO: [IP_Flow 19-1700] Loaded user IP repository '/home/sk/Desktop/EcoAttention/EXPip'.
INFO: [IP_Flow 19-2313] Loaded Vivado IP repository '/tools/Xilinx/Vivado/2023.2/data/ip'.
INFO: [IP_Flow 19-6924] IPCACHE: Running cache check for IP inst: ADDER
INFO: [IP_Flow 19-6922] IPCACHE: Exporting cached entry 836f8e4b990df5c2 to dir: /home/sk/Desktop/EcoAttention/EcoAttention/EcoAttention.runs/ADDER_synth_1
INFO: [IP_Flow 19-6928] IPCACHE: copied cached file /home/sk/Desktop/EcoAttention/EcoAttention/EcoAttention.cache/ip/2023.2/8/3/836f8e4b990df5c2/ADDER_stub.v to /home/sk/Desktop/EcoAttention/EcoAttention/EcoAttention.runs/ADDER_synth_1/ADDER_stub.v.
INFO: [IP_Flow 19-6928] IPCACHE: copied cached file /home/sk/Desktop/EcoAttention/EcoAttention/EcoAttention.cache/ip/2023.2/8/3/836f8e4b990df5c2/ADDER_sim_netlist.v to /home/sk/Desktop/EcoAttention/EcoAttention/EcoAttention.runs/ADDER_synth_1/ADDER_sim_netlist.v.
INFO: [IP_Flow 19-6928] IPCACHE: copied cached file /home/sk/Desktop/EcoAttention/EcoAttention/EcoAttention.cache/ip/2023.2/8/3/836f8e4b990df5c2/ADDER_sim_netlist.vhdl to /home/sk/Desktop/EcoAttention/EcoAttention/EcoAttention.runs/ADDER_synth_1/ADDER_sim_netlist.vhdl.
INFO: [IP_Flow 19-6928] IPCACHE: copied cached file /home/sk/Desktop/EcoAttention/EcoAttention/EcoAttention.cache/ip/2023.2/8/3/836f8e4b990df5c2/ADDER_stub.vhdl to /home/sk/Desktop/EcoAttention/EcoAttention/EcoAttention.runs/ADDER_synth_1/ADDER_stub.vhdl.
INFO: [IP_Flow 19-6928] IPCACHE: copied cached file /home/sk/Desktop/EcoAttention/EcoAttention/EcoAttention.cache/ip/2023.2/8/3/836f8e4b990df5c2/ADDER.dcp to /home/sk/Desktop/EcoAttention/EcoAttention/EcoAttention.runs/ADDER_synth_1/ADDER.dcp.
INFO: [IP_Flow 19-4838] Using cached IP synthesis design for IP ADDER, cache-ID = 836f8e4b990df5c2.
INFO: [Common 17-206] Exiting Vivado at Sat Jan 10 14:56:00 2026...
